11:06:46 **** Incremental Build of configuration Debug for project project ****
make -j16 all 
Building file: ../src/main.c
Invoking: MCU GCC Compiler
/home/shay/a/dpenebac/workspace/project/Debug
arm-none-eabi-gcc -mcpu=cortex-m0 -mthumb -mfloat-abi=soft -DSTM32 -DSTM32F0 -DSTM32F091RCTx -DDEBUG -DSTM32F091 -DUSE_STDPERIPH_DRIVER -I"/home/shay/a/dpenebac/workspace/project/StdPeriph_Driver/inc" -I"/home/shay/a/dpenebac/workspace/project/inc" -I"/home/shay/a/dpenebac/workspace/project/CMSIS/device" -I"/home/shay/a/dpenebac/workspace/project/CMSIS/core" -O0 -g3 -Wall -fmessage-length=0 -ffunction-sections -c -MMD -MP -MF"src/main.d" -MT"src/main.o" -o "src/main.o" "../src/main.c"
Finished building: ../src/main.c
 
Building target: project.elf
Invoking: MCU GCC Linker
arm-none-eabi-gcc -mcpu=cortex-m0 -mthumb -mfloat-abi=soft -T"/home/shay/a/dpenebac/workspace/project/LinkerScript.ld" -Wl,-Map=output.map -Wl,--gc-sections -o "project.elf" @"objects.list"   -lm
Finished building target: project.elf
 
make --no-print-directory post-build
Generating binary and Printing size information:
arm-none-eabi-objcopy -O binary "project.elf" "project.bin"
arm-none-eabi-size "project.elf"
   text	   data	    bss	    dec	    hex	filename
   2512	   1080	   1116	   4708	   1264	project.elf
 
11:06:53 **** Incremental Build of configuration Debug for project project ****
make -j16 all 
make: Nothing to be done for 'all'.
11:08:21 **** Incremental Build of configuration Debug for project project ****
make -j16 all 
Building file: ../src/main.c
Invoking: MCU GCC Compiler
/home/shay/a/dpenebac/workspace/project/Debug
arm-none-eabi-gcc -mcpu=cortex-m0 -mthumb -mfloat-abi=soft -DSTM32 -DSTM32F0 -DSTM32F091RCTx -DDEBUG -DSTM32F091 -DUSE_STDPERIPH_DRIVER -I"/home/shay/a/dpenebac/workspace/project/StdPeriph_Driver/inc" -I"/home/shay/a/dpenebac/workspace/project/inc" -I"/home/shay/a/dpenebac/workspace/project/CMSIS/device" -I"/home/shay/a/dpenebac/workspace/project/CMSIS/core" -O0 -g3 -Wall -fmessage-length=0 -ffunction-sections -c -MMD -MP -MF"src/main.d" -MT"src/main.o" -o "src/main.o" "../src/main.c"
Finished building: ../src/main.c
 
Building target: project.elf
Invoking: MCU GCC Linker
arm-none-eabi-gcc -mcpu=cortex-m0 -mthumb -mfloat-abi=soft -T"/home/shay/a/dpenebac/workspace/project/LinkerScript.ld" -Wl,-Map=output.map -Wl,--gc-sections -o "project.elf" @"objects.list"   -lm
Finished building target: project.elf
 
make --no-print-directory post-build
Generating binary and Printing size information:
arm-none-eabi-objcopy -O binary "project.elf" "project.bin"
arm-none-eabi-size "project.elf"
   text	   data	    bss	    dec	    hex	filename
   3408	   1080	   1116	   5604	   15e4	project.elf
 
11:10:27 **** Incremental Build of configuration Debug for project project ****
make -j16 all 
Building file: ../src/main.c
Invoking: MCU GCC Compiler
/home/shay/a/dpenebac/workspace/project/Debug
arm-none-eabi-gcc -mcpu=cortex-m0 -mthumb -mfloat-abi=soft -DSTM32 -DSTM32F0 -DSTM32F091RCTx -DDEBUG -DSTM32F091 -DUSE_STDPERIPH_DRIVER -I"/home/shay/a/dpenebac/workspace/project/StdPeriph_Driver/inc" -I"/home/shay/a/dpenebac/workspace/project/inc" -I"/home/shay/a/dpenebac/workspace/project/CMSIS/device" -I"/home/shay/a/dpenebac/workspace/project/CMSIS/core" -O0 -g3 -Wall -fmessage-length=0 -ffunction-sections -c -MMD -MP -MF"src/main.d" -MT"src/main.o" -o "src/main.o" "../src/main.c"
Finished building: ../src/main.c
 
Building target: project.elf
Invoking: MCU GCC Linker
arm-none-eabi-gcc -mcpu=cortex-m0 -mthumb -mfloat-abi=soft -T"/home/shay/a/dpenebac/workspace/project/LinkerScript.ld" -Wl,-Map=output.map -Wl,--gc-sections -o "project.elf" @"objects.list"   -lm
Finished building target: project.elf
 
make --no-print-directory post-build
Generating binary and Printing size information:
arm-none-eabi-objcopy -O binary "project.elf" "project.bin"
arm-none-eabi-size "project.elf"
   text	   data	    bss	    dec	    hex	filename
   3408	   1080	   1116	   5604	   15e4	project.elf
 
11:13:02 **** Incremental Build of configuration Debug for project project ****
make -j16 all 
Building file: ../src/main.c
Invoking: MCU GCC Compiler
/home/shay/a/dpenebac/workspace/project/Debug
arm-none-eabi-gcc -mcpu=cortex-m0 -mthumb -mfloat-abi=soft -DSTM32 -DSTM32F0 -DSTM32F091RCTx -DDEBUG -DSTM32F091 -DUSE_STDPERIPH_DRIVER -I"/home/shay/a/dpenebac/workspace/project/StdPeriph_Driver/inc" -I"/home/shay/a/dpenebac/workspace/project/inc" -I"/home/shay/a/dpenebac/workspace/project/CMSIS/device" -I"/home/shay/a/dpenebac/workspace/project/CMSIS/core" -O0 -g3 -Wall -fmessage-length=0 -ffunction-sections -c -MMD -MP -MF"src/main.d" -MT"src/main.o" -o "src/main.o" "../src/main.c"
Finished building: ../src/main.c
 
Building target: project.elf
Invoking: MCU GCC Linker
arm-none-eabi-gcc -mcpu=cortex-m0 -mthumb -mfloat-abi=soft -T"/home/shay/a/dpenebac/workspace/project/LinkerScript.ld" -Wl,-Map=output.map -Wl,--gc-sections -o "project.elf" @"objects.list"   -lm
Finished building target: project.elf
 
make --no-print-directory post-build
Generating binary and Printing size information:
arm-none-eabi-objcopy -O binary "project.elf" "project.bin"
arm-none-eabi-size "project.elf"
   text	   data	    bss	    dec	    hex	filename
   3444	   1080	   1116	   5640	   1608	project.elf
 
11:14:16 **** Incremental Build of configuration Debug for project project ****
make -j16 all 
Building file: ../src/main.c
Invoking: MCU GCC Compiler
/home/shay/a/dpenebac/workspace/project/Debug
arm-none-eabi-gcc -mcpu=cortex-m0 -mthumb -mfloat-abi=soft -DSTM32 -DSTM32F0 -DSTM32F091RCTx -DDEBUG -DSTM32F091 -DUSE_STDPERIPH_DRIVER -I"/home/shay/a/dpenebac/workspace/project/StdPeriph_Driver/inc" -I"/home/shay/a/dpenebac/workspace/project/inc" -I"/home/shay/a/dpenebac/workspace/project/CMSIS/device" -I"/home/shay/a/dpenebac/workspace/project/CMSIS/core" -O0 -g3 -Wall -fmessage-length=0 -ffunction-sections -c -MMD -MP -MF"src/main.d" -MT"src/main.o" -o "src/main.o" "../src/main.c"
Finished building: ../src/main.c
 
Building target: project.elf
Invoking: MCU GCC Linker
arm-none-eabi-gcc -mcpu=cortex-m0 -mthumb -mfloat-abi=soft -T"/home/shay/a/dpenebac/workspace/project/LinkerScript.ld" -Wl,-Map=output.map -Wl,--gc-sections -o "project.elf" @"objects.list"   -lm
Finished building target: project.elf
 
make --no-print-directory post-build
Generating binary and Printing size information:
arm-none-eabi-objcopy -O binary "project.elf" "project.bin"
arm-none-eabi-size "project.elf"
   text	   data	    bss	    dec	    hex	filename
   3472	   1080	   1116	   5668	   1624	project.elf
 
11:14:21 **** Incremental Build of configuration Debug for project project ****
make -j16 all 
make: Nothing to be done for 'all'.
11:15:18 **** Incremental Build of configuration Debug for project project ****
make -j16 all 
Building file: ../src/main.c
Invoking: MCU GCC Compiler
/home/shay/a/dpenebac/workspace/project/Debug
arm-none-eabi-gcc -mcpu=cortex-m0 -mthumb -mfloat-abi=soft -DSTM32 -DSTM32F0 -DSTM32F091RCTx -DDEBUG -DSTM32F091 -DUSE_STDPERIPH_DRIVER -I"/home/shay/a/dpenebac/workspace/project/StdPeriph_Driver/inc" -I"/home/shay/a/dpenebac/workspace/project/inc" -I"/home/shay/a/dpenebac/workspace/project/CMSIS/device" -I"/home/shay/a/dpenebac/workspace/project/CMSIS/core" -O0 -g3 -Wall -fmessage-length=0 -ffunction-sections -c -MMD -MP -MF"src/main.d" -MT"src/main.o" -o "src/main.o" "../src/main.c"
Finished building: ../src/main.c
 
Building target: project.elf
Invoking: MCU GCC Linker
arm-none-eabi-gcc -mcpu=cortex-m0 -mthumb -mfloat-abi=soft -T"/home/shay/a/dpenebac/workspace/project/LinkerScript.ld" -Wl,-Map=output.map -Wl,--gc-sections -o "project.elf" @"objects.list"   -lm
Finished building target: project.elf
 
make --no-print-directory post-build
Generating binary and Printing size information:
arm-none-eabi-objcopy -O binary "project.elf" "project.bin"
arm-none-eabi-size "project.elf"
   text	   data	    bss	    dec	    hex	filename
   3452	   1080	   1116	   5648	   1610	project.elf
 
11:18:00 **** Incremental Build of configuration Debug for project project ****
make -j16 all 
Building file: ../src/main.c
Invoking: MCU GCC Compiler
/home/shay/a/dpenebac/workspace/project/Debug
arm-none-eabi-gcc -mcpu=cortex-m0 -mthumb -mfloat-abi=soft -DSTM32 -DSTM32F0 -DSTM32F091RCTx -DDEBUG -DSTM32F091 -DUSE_STDPERIPH_DRIVER -I"/home/shay/a/dpenebac/workspace/project/StdPeriph_Driver/inc" -I"/home/shay/a/dpenebac/workspace/project/inc" -I"/home/shay/a/dpenebac/workspace/project/CMSIS/device" -I"/home/shay/a/dpenebac/workspace/project/CMSIS/core" -O0 -g3 -Wall -fmessage-length=0 -ffunction-sections -c -MMD -MP -MF"src/main.d" -MT"src/main.o" -o "src/main.o" "../src/main.c"
Finished building: ../src/main.c
 
Building target: project.elf
Invoking: MCU GCC Linker
arm-none-eabi-gcc -mcpu=cortex-m0 -mthumb -mfloat-abi=soft -T"/home/shay/a/dpenebac/workspace/project/LinkerScript.ld" -Wl,-Map=output.map -Wl,--gc-sections -o "project.elf" @"objects.list"   -lm
Finished building target: project.elf
 
make --no-print-directory post-build
Generating binary and Printing size information:
arm-none-eabi-objcopy -O binary "project.elf" "project.bin"
arm-none-eabi-size "project.elf"
   text	   data	    bss	    dec	    hex	filename
   2168	   1080	   1116	   4364	   110c	project.elf
 
11:18:18 **** Incremental Build of configuration Debug for project project ****
make -j16 all 
Building file: ../src/main.c
Invoking: MCU GCC Compiler
/home/shay/a/dpenebac/workspace/project/Debug
arm-none-eabi-gcc -mcpu=cortex-m0 -mthumb -mfloat-abi=soft -DSTM32 -DSTM32F0 -DSTM32F091RCTx -DDEBUG -DSTM32F091 -DUSE_STDPERIPH_DRIVER -I"/home/shay/a/dpenebac/workspace/project/StdPeriph_Driver/inc" -I"/home/shay/a/dpenebac/workspace/project/inc" -I"/home/shay/a/dpenebac/workspace/project/CMSIS/device" -I"/home/shay/a/dpenebac/workspace/project/CMSIS/core" -O0 -g3 -Wall -fmessage-length=0 -ffunction-sections -c -MMD -MP -MF"src/main.d" -MT"src/main.o" -o "src/main.o" "../src/main.c"
Finished building: ../src/main.c
 
Building target: project.elf
Invoking: MCU GCC Linker
arm-none-eabi-gcc -mcpu=cortex-m0 -mthumb -mfloat-abi=soft -T"/home/shay/a/dpenebac/workspace/project/LinkerScript.ld" -Wl,-Map=output.map -Wl,--gc-sections -o "project.elf" @"objects.list"   -lm
Finished building target: project.elf
 
make --no-print-directory post-build
Generating binary and Printing size information:
arm-none-eabi-objcopy -O binary "project.elf" "project.bin"
arm-none-eabi-size "project.elf"
   text	   data	    bss	    dec	    hex	filename
   2484	   1080	   1116	   4680	   1248	project.elf
 
11:19:46 **** Incremental Build of configuration Debug for project project ****
make -j16 all 
Building file: ../src/main.c
Invoking: MCU GCC Compiler
/home/shay/a/dpenebac/workspace/project/Debug
arm-none-eabi-gcc -mcpu=cortex-m0 -mthumb -mfloat-abi=soft -DSTM32 -DSTM32F0 -DSTM32F091RCTx -DDEBUG -DSTM32F091 -DUSE_STDPERIPH_DRIVER -I"/home/shay/a/dpenebac/workspace/project/StdPeriph_Driver/inc" -I"/home/shay/a/dpenebac/workspace/project/inc" -I"/home/shay/a/dpenebac/workspace/project/CMSIS/device" -I"/home/shay/a/dpenebac/workspace/project/CMSIS/core" -O0 -g3 -Wall -fmessage-length=0 -ffunction-sections -c -MMD -MP -MF"src/main.d" -MT"src/main.o" -o "src/main.o" "../src/main.c"
Finished building: ../src/main.c
 
Building target: project.elf
Invoking: MCU GCC Linker
arm-none-eabi-gcc -mcpu=cortex-m0 -mthumb -mfloat-abi=soft -T"/home/shay/a/dpenebac/workspace/project/LinkerScript.ld" -Wl,-Map=output.map -Wl,--gc-sections -o "project.elf" @"objects.list"   -lm
Finished building target: project.elf
 
make --no-print-directory post-build
Generating binary and Printing size information:
arm-none-eabi-objcopy -O binary "project.elf" "project.bin"
arm-none-eabi-size "project.elf"
   text	   data	    bss	    dec	    hex	filename
   3408	   1080	   1116	   5604	   15e4	project.elf
 
11:20:19 **** Incremental Build of configuration Debug for project project ****
make -j16 all 
Building file: ../src/main.c
Invoking: MCU GCC Compiler
/home/shay/a/dpenebac/workspace/project/Debug
arm-none-eabi-gcc -mcpu=cortex-m0 -mthumb -mfloat-abi=soft -DSTM32 -DSTM32F0 -DSTM32F091RCTx -DDEBUG -DSTM32F091 -DUSE_STDPERIPH_DRIVER -I"/home/shay/a/dpenebac/workspace/project/StdPeriph_Driver/inc" -I"/home/shay/a/dpenebac/workspace/project/inc" -I"/home/shay/a/dpenebac/workspace/project/CMSIS/device" -I"/home/shay/a/dpenebac/workspace/project/CMSIS/core" -O0 -g3 -Wall -fmessage-length=0 -ffunction-sections -c -MMD -MP -MF"src/main.d" -MT"src/main.o" -o "src/main.o" "../src/main.c"
Finished building: ../src/main.c
 
Building target: project.elf
Invoking: MCU GCC Linker
arm-none-eabi-gcc -mcpu=cortex-m0 -mthumb -mfloat-abi=soft -T"/home/shay/a/dpenebac/workspace/project/LinkerScript.ld" -Wl,-Map=output.map -Wl,--gc-sections -o "project.elf" @"objects.list"   -lm
Finished building target: project.elf
 
make --no-print-directory post-build
Generating binary and Printing size information:
arm-none-eabi-objcopy -O binary "project.elf" "project.bin"
arm-none-eabi-size "project.elf"
   text	   data	    bss	    dec	    hex	filename
   3412	   1080	   1116	   5608	   15e8	project.elf
 
11:20:52 **** Incremental Build of configuration Debug for project project ****
make -j16 all 
make: Nothing to be done for 'all'.
11:20:56 **** Incremental Build of configuration Debug for project project ****
make -j16 all 
make: Nothing to be done for 'all'.
11:24:29 **** Incremental Build of configuration Debug for project project ****
make -j16 all 
make: Nothing to be done for 'all'.
