17:19:33 **** Build of configuration Debug for project lab0 ****
make -j8 all 
Building file: ../src/syscalls.c
Building file: ../startup/startup_stm32.s
Building file: ../src/main.c
Building file: ../src/system_stm32f0xx.c
Building file: ../StdPeriph_Driver/src/stm32f0xx_adc.c
Invoking: MCU GCC Assembler
Invoking: MCU GCC Compiler
Invoking: MCU GCC Compiler
Invoking: MCU GCC Compiler
Invoking: MCU GCC Compiler
C:\Users\Dorien Penebacker\workspace\lab0\Debug
C:\Users\Dorien Penebacker\workspace\lab0\Debug
C:\Users\Dorien Penebacker\workspace\lab0\Debug
arm-none-eabi-as -mcpu=cortex-m0 -mthumb -mfloat-abi=soft -I"C:/Users/Dorien Penebacker/workspace/lab0/StdPeriph_Driver/inc" -I"C:/Users/Dorien Penebacker/workspace/lab0/inc" -I"C:/Users/Dorien Penebacker/workspace/lab0/CMSIS/device" -I"C:/Users/Dorien Penebacker/workspace/lab0/CMSIS/core" -g -o "startup/startup_stm32.o" "../startup/startup_stm32.s"
C:\Users\Dorien Penebacker\workspace\lab0\Debug
C:\Users\Dorien Penebacker\workspace\lab0\Debug
arm-none-eabi-gcc -mcpu=cortex-m0 -mthumb -mfloat-abi=soft -DSTM32 -DSTM32F0 -DSTM32F091RCTx -DDEBUG -DSTM32F091 -DUSE_STDPERIPH_DRIVER -I"C:/Users/Dorien Penebacker/workspace/lab0/StdPeriph_Driver/inc" -I"C:/Users/Dorien Penebacker/workspace/lab0/inc" -I"C:/Users/Dorien Penebacker/workspace/lab0/CMSIS/device" -I"C:/Users/Dorien Penebacker/workspace/lab0/CMSIS/core" -O0 -g3 -Wall -fmessage-length=0 -ffunction-sections -c -MMD -MP -MF"src/main.d" -MT"src/main.o" -o "src/main.o" "../src/main.c"
arm-none-eabi-gcc -mcpu=cortex-m0 -mthumb -mfloat-abi=soft -DSTM32 -DSTM32F0 -DSTM32F091RCTx -DDEBUG -DSTM32F091 -DUSE_STDPERIPH_DRIVER -I"C:/Users/Dorien Penebacker/workspace/lab0/StdPeriph_Driver/inc" -I"C:/Users/Dorien Penebacker/workspace/lab0/inc" -I"C:/Users/Dorien Penebacker/workspace/lab0/CMSIS/device" -I"C:/Users/Dorien Penebacker/workspace/lab0/CMSIS/core" -O0 -g3 -Wall -fmessage-length=0 -ffunction-sections -c -MMD -MP -MF"src/syscalls.d" -MT"src/syscalls.o" -o "src/syscalls.o" "../src/syscalls.c"
arm-none-eabi-gcc -mcpu=cortex-m0 -mthumb -mfloat-abi=soft -DSTM32 -DSTM32F0 -DSTM32F091RCTx -DDEBUG -DSTM32F091 -DUSE_STDPERIPH_DRIVER -I"C:/Users/Dorien Penebacker/workspace/lab0/StdPeriph_Driver/inc" -I"C:/Users/Dorien Penebacker/workspace/lab0/inc" -I"C:/Users/Dorien Penebacker/workspace/lab0/CMSIS/device" -I"C:/Users/Dorien Penebacker/workspace/lab0/CMSIS/core" -O0 -g3 -Wall -fmessage-length=0 -ffunction-sections -c -MMD -MP -MF"src/system_stm32f0xx.d" -MT"src/system_stm32f0xx.o" -o "src/system_stm32f0xx.o" "../src/system_stm32f0xx.c"
arm-none-eabi-gcc -mcpu=cortex-m0 -mthumb -mfloat-abi=soft -DSTM32 -DSTM32F0 -DSTM32F091RCTx -DDEBUG -DSTM32F091 -DUSE_STDPERIPH_DRIVER -I"C:/Users/Dorien Penebacker/workspace/lab0/StdPeriph_Driver/inc" -I"C:/Users/Dorien Penebacker/workspace/lab0/inc" -I"C:/Users/Dorien Penebacker/workspace/lab0/CMSIS/device" -I"C:/Users/Dorien Penebacker/workspace/lab0/CMSIS/core" -O0 -g3 -Wall -fmessage-length=0 -ffunction-sections -c -MMD -MP -MF"StdPeriph_Driver/src/stm32f0xx_adc.d" -MT"StdPeriph_Driver/src/stm32f0xx_adc.o" -o "StdPeriph_Driver/src/stm32f0xx_adc.o" "../StdPeriph_Driver/src/stm32f0xx_adc.c"
Building file: ../StdPeriph_Driver/src/stm32f0xx_can.c
Building file: ../StdPeriph_Driver/src/stm32f0xx_cec.c
Building file: ../StdPeriph_Driver/src/stm32f0xx_comp.c
Invoking: MCU GCC Compiler
Invoking: MCU GCC Compiler
Invoking: MCU GCC Compiler
C:\Users\Dorien Penebacker\workspace\lab0\Debug
C:\Users\Dorien Penebacker\workspace\lab0\Debug
arm-none-eabi-gcc -mcpu=cortex-m0 -mthumb -mfloat-abi=soft -DSTM32 -DSTM32F0 -DSTM32F091RCTx -DDEBUG -DSTM32F091 -DUSE_STDPERIPH_DRIVER -I"C:/Users/Dorien Penebacker/workspace/lab0/StdPeriph_Driver/inc" -I"C:/Users/Dorien Penebacker/workspace/lab0/inc" -I"C:/Users/Dorien Penebacker/workspace/lab0/CMSIS/device" -I"C:/Users/Dorien Penebacker/workspace/lab0/CMSIS/core" -O0 -g3 -Wall -fmessage-length=0 -ffunction-sections -c -MMD -MP -MF"StdPeriph_Driver/src/stm32f0xx_can.d" -MT"StdPeriph_Driver/src/stm32f0xx_can.o" -o "StdPeriph_Driver/src/stm32f0xx_can.o" "../StdPeriph_Driver/src/stm32f0xx_can.c"
C:\Users\Dorien Penebacker\workspace\lab0\Debug
arm-none-eabi-gcc -mcpu=cortex-m0 -mthumb -mfloat-abi=soft -DSTM32 -DSTM32F0 -DSTM32F091RCTx -DDEBUG -DSTM32F091 -DUSE_STDPERIPH_DRIVER -I"C:/Users/Dorien Penebacker/workspace/lab0/StdPeriph_Driver/inc" -I"C:/Users/Dorien Penebacker/workspace/lab0/inc" -I"C:/Users/Dorien Penebacker/workspace/lab0/CMSIS/device" -I"C:/Users/Dorien Penebacker/workspace/lab0/CMSIS/core" -O0 -g3 -Wall -fmessage-length=0 -ffunction-sections -c -MMD -MP -MF"StdPeriph_Driver/src/stm32f0xx_comp.d" -MT"StdPeriph_Driver/src/stm32f0xx_comp.o" -o "StdPeriph_Driver/src/stm32f0xx_comp.o" "../StdPeriph_Driver/src/stm32f0xx_comp.c"
arm-none-eabi-gcc -mcpu=cortex-m0 -mthumb -mfloat-abi=soft -DSTM32 -DSTM32F0 -DSTM32F091RCTx -DDEBUG -DSTM32F091 -DUSE_STDPERIPH_DRIVER -I"C:/Users/Dorien Penebacker/workspace/lab0/StdPeriph_Driver/inc" -I"C:/Users/Dorien Penebacker/workspace/lab0/inc" -I"C:/Users/Dorien Penebacker/workspace/lab0/CMSIS/device" -I"C:/Users/Dorien Penebacker/workspace/lab0/CMSIS/core" -O0 -g3 -Wall -fmessage-length=0 -ffunction-sections -c -MMD -MP -MF"StdPeriph_Driver/src/stm32f0xx_cec.d" -MT"StdPeriph_Driver/src/stm32f0xx_cec.o" -o "StdPeriph_Driver/src/stm32f0xx_cec.o" "../StdPeriph_Driver/src/stm32f0xx_cec.c"
Finished building: ../startup/startup_stm32.s
 
Building file: ../StdPeriph_Driver/src/stm32f0xx_crc.c
Invoking: MCU GCC Compiler
Finished building: ../src/syscalls.c
C:\Users\Dorien Penebacker\workspace\lab0\Debug
Finished building: ../src/main.c
Finished building: ../src/system_stm32f0xx.c
arm-none-eabi-gcc -mcpu=cortex-m0 -mthumb -mfloat-abi=soft -DSTM32 -DSTM32F0 -DSTM32F091RCTx -DDEBUG -DSTM32F091 -DUSE_STDPERIPH_DRIVER -I"C:/Users/Dorien Penebacker/workspace/lab0/StdPeriph_Driver/inc" -I"C:/Users/Dorien Penebacker/workspace/lab0/inc" -I"C:/Users/Dorien Penebacker/workspace/lab0/CMSIS/device" -I"C:/Users/Dorien Penebacker/workspace/lab0/CMSIS/core" -O0 -g3 -Wall -fmessage-length=0 -ffunction-sections -c -MMD -MP -MF"StdPeriph_Driver/src/stm32f0xx_crc.d" -MT"StdPeriph_Driver/src/stm32f0xx_crc.o" -o "StdPeriph_Driver/src/stm32f0xx_crc.o" "../StdPeriph_Driver/src/stm32f0xx_crc.c"
 
Finished building: ../StdPeriph_Driver/src/stm32f0xx_adc.c
 
 
 
Building file: ../StdPeriph_Driver/src/stm32f0xx_crs.c
Building file: ../StdPeriph_Driver/src/stm32f0xx_dac.c
Building file: ../StdPeriph_Driver/src/stm32f0xx_dbgmcu.c
Invoking: MCU GCC Compiler
Finished building: ../StdPeriph_Driver/src/stm32f0xx_comp.c
Invoking: MCU GCC Compiler
Finished building: ../StdPeriph_Driver/src/stm32f0xx_cec.c
Invoking: MCU GCC Compiler
C:\Users\Dorien Penebacker\workspace\lab0\Debug
Finished building: ../StdPeriph_Driver/src/stm32f0xx_can.c
 
C:\Users\Dorien Penebacker\workspace\lab0\Debug
arm-none-eabi-gcc -mcpu=cortex-m0 -mthumb -mfloat-abi=soft -DSTM32 -DSTM32F0 -DSTM32F091RCTx -DDEBUG -DSTM32F091 -DUSE_STDPERIPH_DRIVER -I"C:/Users/Dorien Penebacker/workspace/lab0/StdPeriph_Driver/inc" -I"C:/Users/Dorien Penebacker/workspace/lab0/inc" -I"C:/Users/Dorien Penebacker/workspace/lab0/CMSIS/device" -I"C:/Users/Dorien Penebacker/workspace/lab0/CMSIS/core" -O0 -g3 -Wall -fmessage-length=0 -ffunction-sections -c -MMD -MP -MF"StdPeriph_Driver/src/stm32f0xx_crs.d" -MT"StdPeriph_Driver/src/stm32f0xx_crs.o" -o "StdPeriph_Driver/src/stm32f0xx_crs.o" "../StdPeriph_Driver/src/stm32f0xx_crs.c"
 
C:\Users\Dorien Penebacker\workspace\lab0\Debug
arm-none-eabi-gcc -mcpu=cortex-m0 -mthumb -mfloat-abi=soft -DSTM32 -DSTM32F0 -DSTM32F091RCTx -DDEBUG -DSTM32F091 -DUSE_STDPERIPH_DRIVER -I"C:/Users/Dorien Penebacker/workspace/lab0/StdPeriph_Driver/inc" -I"C:/Users/Dorien Penebacker/workspace/lab0/inc" -I"C:/Users/Dorien Penebacker/workspace/lab0/CMSIS/device" -I"C:/Users/Dorien Penebacker/workspace/lab0/CMSIS/core" -O0 -g3 -Wall -fmessage-length=0 -ffunction-sections -c -MMD -MP -MF"StdPeriph_Driver/src/stm32f0xx_dac.d" -MT"StdPeriph_Driver/src/stm32f0xx_dac.o" -o "StdPeriph_Driver/src/stm32f0xx_dac.o" "../StdPeriph_Driver/src/stm32f0xx_dac.c"
arm-none-eabi-gcc -mcpu=cortex-m0 -mthumb -mfloat-abi=soft -DSTM32 -DSTM32F0 -DSTM32F091RCTx -DDEBUG -DSTM32F091 -DUSE_STDPERIPH_DRIVER -I"C:/Users/Dorien Penebacker/workspace/lab0/StdPeriph_Driver/inc" -I"C:/Users/Dorien Penebacker/workspace/lab0/inc" -I"C:/Users/Dorien Penebacker/workspace/lab0/CMSIS/device" -I"C:/Users/Dorien Penebacker/workspace/lab0/CMSIS/core" -O0 -g3 -Wall -fmessage-length=0 -ffunction-sections -c -MMD -MP -MF"StdPeriph_Driver/src/stm32f0xx_dbgmcu.d" -MT"StdPeriph_Driver/src/stm32f0xx_dbgmcu.o" -o "StdPeriph_Driver/src/stm32f0xx_dbgmcu.o" "../StdPeriph_Driver/src/stm32f0xx_dbgmcu.c"
 
Building file: ../StdPeriph_Driver/src/stm32f0xx_dma.c
Building file: ../StdPeriph_Driver/src/stm32f0xx_exti.c
Invoking: MCU GCC Compiler
Building file: ../StdPeriph_Driver/src/stm32f0xx_flash.c
Invoking: MCU GCC Compiler
Building file: ../StdPeriph_Driver/src/stm32f0xx_gpio.c
Finished building: ../StdPeriph_Driver/src/stm32f0xx_crc.c
C:\Users\Dorien Penebacker\workspace\lab0\Debug
Invoking: MCU GCC Compiler
C:\Users\Dorien Penebacker\workspace\lab0\Debug
arm-none-eabi-gcc -mcpu=cortex-m0 -mthumb -mfloat-abi=soft -DSTM32 -DSTM32F0 -DSTM32F091RCTx -DDEBUG -DSTM32F091 -DUSE_STDPERIPH_DRIVER -I"C:/Users/Dorien Penebacker/workspace/lab0/StdPeriph_Driver/inc" -I"C:/Users/Dorien Penebacker/workspace/lab0/inc" -I"C:/Users/Dorien Penebacker/workspace/lab0/CMSIS/device" -I"C:/Users/Dorien Penebacker/workspace/lab0/CMSIS/core" -O0 -g3 -Wall -fmessage-length=0 -ffunction-sections -c -MMD -MP -MF"StdPeriph_Driver/src/stm32f0xx_dma.d" -MT"StdPeriph_Driver/src/stm32f0xx_dma.o" -o "StdPeriph_Driver/src/stm32f0xx_dma.o" "../StdPeriph_Driver/src/stm32f0xx_dma.c"
Invoking: MCU GCC Compiler
 
arm-none-eabi-gcc -mcpu=cortex-m0 -mthumb -mfloat-abi=soft -DSTM32 -DSTM32F0 -DSTM32F091RCTx -DDEBUG -DSTM32F091 -DUSE_STDPERIPH_DRIVER -I"C:/Users/Dorien Penebacker/workspace/lab0/StdPeriph_Driver/inc" -I"C:/Users/Dorien Penebacker/workspace/lab0/inc" -I"C:/Users/Dorien Penebacker/workspace/lab0/CMSIS/device" -I"C:/Users/Dorien Penebacker/workspace/lab0/CMSIS/core" -O0 -g3 -Wall -fmessage-length=0 -ffunction-sections -c -MMD -MP -MF"StdPeriph_Driver/src/stm32f0xx_exti.d" -MT"StdPeriph_Driver/src/stm32f0xx_exti.o" -o "StdPeriph_Driver/src/stm32f0xx_exti.o" "../StdPeriph_Driver/src/stm32f0xx_exti.c"
C:\Users\Dorien Penebacker\workspace\lab0\Debug
arm-none-eabi-gcc -mcpu=cortex-m0 -mthumb -mfloat-abi=soft -DSTM32 -DSTM32F0 -DSTM32F091RCTx -DDEBUG -DSTM32F091 -DUSE_STDPERIPH_DRIVER -I"C:/Users/Dorien Penebacker/workspace/lab0/StdPeriph_Driver/inc" -I"C:/Users/Dorien Penebacker/workspace/lab0/inc" -I"C:/Users/Dorien Penebacker/workspace/lab0/CMSIS/device" -I"C:/Users/Dorien Penebacker/workspace/lab0/CMSIS/core" -O0 -g3 -Wall -fmessage-length=0 -ffunction-sections -c -MMD -MP -MF"StdPeriph_Driver/src/stm32f0xx_flash.d" -MT"StdPeriph_Driver/src/stm32f0xx_flash.o" -o "StdPeriph_Driver/src/stm32f0xx_flash.o" "../StdPeriph_Driver/src/stm32f0xx_flash.c"
C:\Users\Dorien Penebacker\workspace\lab0\Debug
arm-none-eabi-gcc -mcpu=cortex-m0 -mthumb -mfloat-abi=soft -DSTM32 -DSTM32F0 -DSTM32F091RCTx -DDEBUG -DSTM32F091 -DUSE_STDPERIPH_DRIVER -I"C:/Users/Dorien Penebacker/workspace/lab0/StdPeriph_Driver/inc" -I"C:/Users/Dorien Penebacker/workspace/lab0/inc" -I"C:/Users/Dorien Penebacker/workspace/lab0/CMSIS/device" -I"C:/Users/Dorien Penebacker/workspace/lab0/CMSIS/core" -O0 -g3 -Wall -fmessage-length=0 -ffunction-sections -c -MMD -MP -MF"StdPeriph_Driver/src/stm32f0xx_gpio.d" -MT"StdPeriph_Driver/src/stm32f0xx_gpio.o" -o "StdPeriph_Driver/src/stm32f0xx_gpio.o" "../StdPeriph_Driver/src/stm32f0xx_gpio.c"
Building file: ../StdPeriph_Driver/src/stm32f0xx_i2c.c
Invoking: MCU GCC Compiler
Finished building: ../StdPeriph_Driver/src/stm32f0xx_crs.c
C:\Users\Dorien Penebacker\workspace\lab0\Debug
 
arm-none-eabi-gcc -mcpu=cortex-m0 -mthumb -mfloat-abi=soft -DSTM32 -DSTM32F0 -DSTM32F091RCTx -DDEBUG -DSTM32F091 -DUSE_STDPERIPH_DRIVER -I"C:/Users/Dorien Penebacker/workspace/lab0/StdPeriph_Driver/inc" -I"C:/Users/Dorien Penebacker/workspace/lab0/inc" -I"C:/Users/Dorien Penebacker/workspace/lab0/CMSIS/device" -I"C:/Users/Dorien Penebacker/workspace/lab0/CMSIS/core" -O0 -g3 -Wall -fmessage-length=0 -ffunction-sections -c -MMD -MP -MF"StdPeriph_Driver/src/stm32f0xx_i2c.d" -MT"StdPeriph_Driver/src/stm32f0xx_i2c.o" -o "StdPeriph_Driver/src/stm32f0xx_i2c.o" "../StdPeriph_Driver/src/stm32f0xx_i2c.c"
Finished building: ../StdPeriph_Driver/src/stm32f0xx_dbgmcu.c
Finished building: ../StdPeriph_Driver/src/stm32f0xx_dac.c
 
 
Building file: ../StdPeriph_Driver/src/stm32f0xx_iwdg.c
Building file: ../StdPeriph_Driver/src/stm32f0xx_misc.c
Building file: ../StdPeriph_Driver/src/stm32f0xx_pwr.c
Invoking: MCU GCC Compiler
Invoking: MCU GCC Compiler
Invoking: MCU GCC Compiler
C:\Users\Dorien Penebacker\workspace\lab0\Debug
C:\Users\Dorien Penebacker\workspace\lab0\Debug
Finished building: ../StdPeriph_Driver/src/stm32f0xx_dma.c
arm-none-eabi-gcc -mcpu=cortex-m0 -mthumb -mfloat-abi=soft -DSTM32 -DSTM32F0 -DSTM32F091RCTx -DDEBUG -DSTM32F091 -DUSE_STDPERIPH_DRIVER -I"C:/Users/Dorien Penebacker/workspace/lab0/StdPeriph_Driver/inc" -I"C:/Users/Dorien Penebacker/workspace/lab0/inc" -I"C:/Users/Dorien Penebacker/workspace/lab0/CMSIS/device" -I"C:/Users/Dorien Penebacker/workspace/lab0/CMSIS/core" -O0 -g3 -Wall -fmessage-length=0 -ffunction-sections -c -MMD -MP -MF"StdPeriph_Driver/src/stm32f0xx_iwdg.d" -MT"StdPeriph_Driver/src/stm32f0xx_iwdg.o" -o "StdPeriph_Driver/src/stm32f0xx_iwdg.o" "../StdPeriph_Driver/src/stm32f0xx_iwdg.c"
C:\Users\Dorien Penebacker\workspace\lab0\Debug
arm-none-eabi-gcc -mcpu=cortex-m0 -mthumb -mfloat-abi=soft -DSTM32 -DSTM32F0 -DSTM32F091RCTx -DDEBUG -DSTM32F091 -DUSE_STDPERIPH_DRIVER -I"C:/Users/Dorien Penebacker/workspace/lab0/StdPeriph_Driver/inc" -I"C:/Users/Dorien Penebacker/workspace/lab0/inc" -I"C:/Users/Dorien Penebacker/workspace/lab0/CMSIS/device" -I"C:/Users/Dorien Penebacker/workspace/lab0/CMSIS/core" -O0 -g3 -Wall -fmessage-length=0 -ffunction-sections -c -MMD -MP -MF"StdPeriph_Driver/src/stm32f0xx_misc.d" -MT"StdPeriph_Driver/src/stm32f0xx_misc.o" -o "StdPeriph_Driver/src/stm32f0xx_misc.o" "../StdPeriph_Driver/src/stm32f0xx_misc.c"
Finished building: ../StdPeriph_Driver/src/stm32f0xx_exti.c
arm-none-eabi-gcc -mcpu=cortex-m0 -mthumb -mfloat-abi=soft -DSTM32 -DSTM32F0 -DSTM32F091RCTx -DDEBUG -DSTM32F091 -DUSE_STDPERIPH_DRIVER -I"C:/Users/Dorien Penebacker/workspace/lab0/StdPeriph_Driver/inc" -I"C:/Users/Dorien Penebacker/workspace/lab0/inc" -I"C:/Users/Dorien Penebacker/workspace/lab0/CMSIS/device" -I"C:/Users/Dorien Penebacker/workspace/lab0/CMSIS/core" -O0 -g3 -Wall -fmessage-length=0 -ffunction-sections -c -MMD -MP -MF"StdPeriph_Driver/src/stm32f0xx_pwr.d" -MT"StdPeriph_Driver/src/stm32f0xx_pwr.o" -o "StdPeriph_Driver/src/stm32f0xx_pwr.o" "../StdPeriph_Driver/src/stm32f0xx_pwr.c"
 
Finished building: ../StdPeriph_Driver/src/stm32f0xx_gpio.c
Finished building: ../StdPeriph_Driver/src/stm32f0xx_flash.c
 
 
 
Building file: ../StdPeriph_Driver/src/stm32f0xx_rcc.c
Building file: ../StdPeriph_Driver/src/stm32f0xx_rtc.c
Building file: ../StdPeriph_Driver/src/stm32f0xx_spi.c
Invoking: MCU GCC Compiler
Invoking: MCU GCC Compiler
Invoking: MCU GCC Compiler
C:\Users\Dorien Penebacker\workspace\lab0\Debug
arm-none-eabi-gcc -mcpu=cortex-m0 -mthumb -mfloat-abi=soft -DSTM32 -DSTM32F0 -DSTM32F091RCTx -DDEBUG -DSTM32F091 -DUSE_STDPERIPH_DRIVER -I"C:/Users/Dorien Penebacker/workspace/lab0/StdPeriph_Driver/inc" -I"C:/Users/Dorien Penebacker/workspace/lab0/inc" -I"C:/Users/Dorien Penebacker/workspace/lab0/CMSIS/device" -I"C:/Users/Dorien Penebacker/workspace/lab0/CMSIS/core" -O0 -g3 -Wall -fmessage-length=0 -ffunction-sections -c -MMD -MP -MF"StdPeriph_Driver/src/stm32f0xx_rcc.d" -MT"StdPeriph_Driver/src/stm32f0xx_rcc.o" -o "StdPeriph_Driver/src/stm32f0xx_rcc.o" "../StdPeriph_Driver/src/stm32f0xx_rcc.c"
C:\Users\Dorien Penebacker\workspace\lab0\Debug
C:\Users\Dorien Penebacker\workspace\lab0\Debug
arm-none-eabi-gcc -mcpu=cortex-m0 -mthumb -mfloat-abi=soft -DSTM32 -DSTM32F0 -DSTM32F091RCTx -DDEBUG -DSTM32F091 -DUSE_STDPERIPH_DRIVER -I"C:/Users/Dorien Penebacker/workspace/lab0/StdPeriph_Driver/inc" -I"C:/Users/Dorien Penebacker/workspace/lab0/inc" -I"C:/Users/Dorien Penebacker/workspace/lab0/CMSIS/device" -I"C:/Users/Dorien Penebacker/workspace/lab0/CMSIS/core" -O0 -g3 -Wall -fmessage-length=0 -ffunction-sections -c -MMD -MP -MF"StdPeriph_Driver/src/stm32f0xx_rtc.d" -MT"StdPeriph_Driver/src/stm32f0xx_rtc.o" -o "StdPeriph_Driver/src/stm32f0xx_rtc.o" "../StdPeriph_Driver/src/stm32f0xx_rtc.c"
arm-none-eabi-gcc -mcpu=cortex-m0 -mthumb -mfloat-abi=soft -DSTM32 -DSTM32F0 -DSTM32F091RCTx -DDEBUG -DSTM32F091 -DUSE_STDPERIPH_DRIVER -I"C:/Users/Dorien Penebacker/workspace/lab0/StdPeriph_Driver/inc" -I"C:/Users/Dorien Penebacker/workspace/lab0/inc" -I"C:/Users/Dorien Penebacker/workspace/lab0/CMSIS/device" -I"C:/Users/Dorien Penebacker/workspace/lab0/CMSIS/core" -O0 -g3 -Wall -fmessage-length=0 -ffunction-sections -c -MMD -MP -MF"StdPeriph_Driver/src/stm32f0xx_spi.d" -MT"StdPeriph_Driver/src/stm32f0xx_spi.o" -o "StdPeriph_Driver/src/stm32f0xx_spi.o" "../StdPeriph_Driver/src/stm32f0xx_spi.c"
Finished building: ../StdPeriph_Driver/src/stm32f0xx_i2c.c
Building file: ../StdPeriph_Driver/src/stm32f0xx_syscfg.c
 
Invoking: MCU GCC Compiler
Building file: ../StdPeriph_Driver/src/stm32f0xx_tim.c
C:\Users\Dorien Penebacker\workspace\lab0\Debug
Invoking: MCU GCC Compiler
arm-none-eabi-gcc -mcpu=cortex-m0 -mthumb -mfloat-abi=soft -DSTM32 -DSTM32F0 -DSTM32F091RCTx -DDEBUG -DSTM32F091 -DUSE_STDPERIPH_DRIVER -I"C:/Users/Dorien Penebacker/workspace/lab0/StdPeriph_Driver/inc" -I"C:/Users/Dorien Penebacker/workspace/lab0/inc" -I"C:/Users/Dorien Penebacker/workspace/lab0/CMSIS/device" -I"C:/Users/Dorien Penebacker/workspace/lab0/CMSIS/core" -O0 -g3 -Wall -fmessage-length=0 -ffunction-sections -c -MMD -MP -MF"StdPeriph_Driver/src/stm32f0xx_syscfg.d" -MT"StdPeriph_Driver/src/stm32f0xx_syscfg.o" -o "StdPeriph_Driver/src/stm32f0xx_syscfg.o" "../StdPeriph_Driver/src/stm32f0xx_syscfg.c"
Finished building: ../StdPeriph_Driver/src/stm32f0xx_iwdg.c
Finished building: ../StdPeriph_Driver/src/stm32f0xx_misc.c
C:\Users\Dorien Penebacker\workspace\lab0\Debug
 
arm-none-eabi-gcc -mcpu=cortex-m0 -mthumb -mfloat-abi=soft -DSTM32 -DSTM32F0 -DSTM32F091RCTx -DDEBUG -DSTM32F091 -DUSE_STDPERIPH_DRIVER -I"C:/Users/Dorien Penebacker/workspace/lab0/StdPeriph_Driver/inc" -I"C:/Users/Dorien Penebacker/workspace/lab0/inc" -I"C:/Users/Dorien Penebacker/workspace/lab0/CMSIS/device" -I"C:/Users/Dorien Penebacker/workspace/lab0/CMSIS/core" -O0 -g3 -Wall -fmessage-length=0 -ffunction-sections -c -MMD -MP -MF"StdPeriph_Driver/src/stm32f0xx_tim.d" -MT"StdPeriph_Driver/src/stm32f0xx_tim.o" -o "StdPeriph_Driver/src/stm32f0xx_tim.o" "../StdPeriph_Driver/src/stm32f0xx_tim.c"
Finished building: ../StdPeriph_Driver/src/stm32f0xx_pwr.c
 
 
Building file: ../StdPeriph_Driver/src/stm32f0xx_usart.c
Building file: ../StdPeriph_Driver/src/stm32f0xx_wwdg.c
Invoking: MCU GCC Compiler
Invoking: MCU GCC Compiler
C:\Users\Dorien Penebacker\workspace\lab0\Debug
arm-none-eabi-gcc -mcpu=cortex-m0 -mthumb -mfloat-abi=soft -DSTM32 -DSTM32F0 -DSTM32F091RCTx -DDEBUG -DSTM32F091 -DUSE_STDPERIPH_DRIVER -I"C:/Users/Dorien Penebacker/workspace/lab0/StdPeriph_Driver/inc" -I"C:/Users/Dorien Penebacker/workspace/lab0/inc" -I"C:/Users/Dorien Penebacker/workspace/lab0/CMSIS/device" -I"C:/Users/Dorien Penebacker/workspace/lab0/CMSIS/core" -O0 -g3 -Wall -fmessage-length=0 -ffunction-sections -c -MMD -MP -MF"StdPeriph_Driver/src/stm32f0xx_usart.d" -MT"StdPeriph_Driver/src/stm32f0xx_usart.o" -o "StdPeriph_Driver/src/stm32f0xx_usart.o" "../StdPeriph_Driver/src/stm32f0xx_usart.c"
C:\Users\Dorien Penebacker\workspace\lab0\Debug
arm-none-eabi-gcc -mcpu=cortex-m0 -mthumb -mfloat-abi=soft -DSTM32 -DSTM32F0 -DSTM32F091RCTx -DDEBUG -DSTM32F091 -DUSE_STDPERIPH_DRIVER -I"C:/Users/Dorien Penebacker/workspace/lab0/StdPeriph_Driver/inc" -I"C:/Users/Dorien Penebacker/workspace/lab0/inc" -I"C:/Users/Dorien Penebacker/workspace/lab0/CMSIS/device" -I"C:/Users/Dorien Penebacker/workspace/lab0/CMSIS/core" -O0 -g3 -Wall -fmessage-length=0 -ffunction-sections -c -MMD -MP -MF"StdPeriph_Driver/src/stm32f0xx_wwdg.d" -MT"StdPeriph_Driver/src/stm32f0xx_wwdg.o" -o "StdPeriph_Driver/src/stm32f0xx_wwdg.o" "../StdPeriph_Driver/src/stm32f0xx_wwdg.c"
Finished building: ../StdPeriph_Driver/src/stm32f0xx_spi.c
Finished building: ../StdPeriph_Driver/src/stm32f0xx_rcc.c
Finished building: ../StdPeriph_Driver/src/stm32f0xx_rtc.c
 
 
 
Finished building: ../StdPeriph_Driver/src/stm32f0xx_syscfg.c
 
Finished building: ../StdPeriph_Driver/src/stm32f0xx_tim.c
Finished building: ../StdPeriph_Driver/src/stm32f0xx_wwdg.c
 
 
Finished building: ../StdPeriph_Driver/src/stm32f0xx_usart.c
 
Building target: lab0.elf
Invoking: MCU GCC Linker
arm-none-eabi-gcc -mcpu=cortex-m0 -mthumb -mfloat-abi=soft -T"C:/Users/Dorien Penebacker/workspace/lab0/LinkerScript.ld" -Wl,-Map=output.map -Wl,--gc-sections -o "lab0.elf" @"objects.list"   -lm
Finished building target: lab0.elf
 
make --no-print-directory post-build
Generating binary and Printing size information:
arm-none-eabi-objcopy -O binary "lab0.elf" "lab0.bin"
arm-none-eabi-size "lab0.elf"
   text	   data	    bss	    dec	    hex	filename
   1164	   1080	   1092	   3336	    d08	lab0.elf
 
17:19:41 **** Incremental Build of configuration Debug for project lab0 ****
make -j8 all 
make: Nothing to be done for 'all'.
17:22:43 **** Incremental Build of configuration Debug for project lab0 ****
make -j8 all 
Building file: ../src/main.c
Invoking: MCU GCC Compiler
C:\Users\Dorien Penebacker\workspace\lab0\Debug
arm-none-eabi-gcc -mcpu=cortex-m0 -mthumb -mfloat-abi=soft -DSTM32 -DSTM32F0 -DSTM32F091RCTx -DDEBUG -DSTM32F091 -DUSE_STDPERIPH_DRIVER -I"C:/Users/Dorien Penebacker/workspace/lab0/StdPeriph_Driver/inc" -I"C:/Users/Dorien Penebacker/workspace/lab0/inc" -I"C:/Users/Dorien Penebacker/workspace/lab0/CMSIS/device" -I"C:/Users/Dorien Penebacker/workspace/lab0/CMSIS/core" -O0 -g3 -Wall -fmessage-length=0 -ffunction-sections -c -MMD -MP -MF"src/main.d" -MT"src/main.o" -o "src/main.o" "../src/main.c"
Finished building: ../src/main.c
 
Building target: lab0.elf
Invoking: MCU GCC Linker
arm-none-eabi-gcc -mcpu=cortex-m0 -mthumb -mfloat-abi=soft -T"C:/Users/Dorien Penebacker/workspace/lab0/LinkerScript.ld" -Wl,-Map=output.map -Wl,--gc-sections -o "lab0.elf" @"objects.list"   -lm
Finished building target: lab0.elf
 
make --no-print-directory post-build
Generating binary and Printing size information:
arm-none-eabi-objcopy -O binary "lab0.elf" "lab0.bin"
arm-none-eabi-size "lab0.elf"
   text	   data	    bss	    dec	    hex	filename
   1184	   1080	   1092	   3356	    d1c	lab0.elf
 
17:22:59 **** Incremental Build of configuration Debug for project lab0 ****
make -j8 all 
make: Nothing to be done for 'all'.
17:23:39 **** Incremental Build of configuration Debug for project lab0 ****
make -j8 all 
make: Nothing to be done for 'all'.
17:24:08 **** Incremental Build of configuration Debug for project lab0 ****
make -j8 all 
make: Nothing to be done for 'all'.
17:24:51 **** Incremental Build of configuration Debug for project lab0 ****
make -j8 all 
make: Nothing to be done for 'all'.
17:29:46 **** Clean-only build of configuration Debug for project lab0 ****
make -j8 clean 
rm -rf *
 
17:29:46 **** Incremental Build of configuration Debug for project lab0 ****
make -j8 all 
Building file: ../startup/startup_stm32.s
Building file: ../src/lab0.s
Building file: ../src/syscalls.c
Invoking: MCU GCC Assembler
Invoking: MCU GCC Assembler
Invoking: MCU GCC Compiler
C:\Users\Dorien Penebacker\workspace\lab0\Debug
arm-none-eabi-as -mcpu=cortex-m0 -mthumb -mfloat-abi=soft -I"C:/Users/Dorien Penebacker/workspace/lab0/StdPeriph_Driver/inc" -I"C:/Users/Dorien Penebacker/workspace/lab0/inc" -I"C:/Users/Dorien Penebacker/workspace/lab0/CMSIS/device" -I"C:/Users/Dorien Penebacker/workspace/lab0/CMSIS/core" -g -o "startup/startup_stm32.o" "../startup/startup_stm32.s"
C:\Users\Dorien Penebacker\workspace\lab0\Debug
arm-none-eabi-as -mcpu=cortex-m0 -mthumb -mfloat-abi=soft -I"C:/Users/Dorien Penebacker/workspace/lab0/StdPeriph_Driver/inc" -I"C:/Users/Dorien Penebacker/workspace/lab0/inc" -I"C:/Users/Dorien Penebacker/workspace/lab0/CMSIS/device" -I"C:/Users/Dorien Penebacker/workspace/lab0/CMSIS/core" -g -o "src/lab0.o" "../src/lab0.s"
C:\Users\Dorien Penebacker\workspace\lab0\Debug
arm-none-eabi-gcc -mcpu=cortex-m0 -mthumb -mfloat-abi=soft -DSTM32 -DSTM32F0 -DSTM32F091RCTx -DDEBUG -DSTM32F091 -DUSE_STDPERIPH_DRIVER -I"C:/Users/Dorien Penebacker/workspace/lab0/StdPeriph_Driver/inc" -I"C:/Users/Dorien Penebacker/workspace/lab0/inc" -I"C:/Users/Dorien Penebacker/workspace/lab0/CMSIS/device" -I"C:/Users/Dorien Penebacker/workspace/lab0/CMSIS/core" -O0 -g3 -Wall -fmessage-length=0 -ffunction-sections -c -MMD -MP -MF"src/syscalls.d" -MT"src/syscalls.o" -o "src/syscalls.o" "../src/syscalls.c"
Building file: ../src/system_stm32f0xx.c
Building file: ../StdPeriph_Driver/src/stm32f0xx_adc.c
Building file: ../StdPeriph_Driver/src/stm32f0xx_can.c
Invoking: MCU GCC Compiler
Invoking: MCU GCC Compiler
Invoking: MCU GCC Compiler
Building file: ../StdPeriph_Driver/src/stm32f0xx_cec.c
C:\Users\Dorien Penebacker\workspace\lab0\Debug
Finished building: ../startup/startup_stm32.s
Finished building: ../src/lab0.s
C:\Users\Dorien Penebacker\workspace\lab0\Debug
arm-none-eabi-gcc -mcpu=cortex-m0 -mthumb -mfloat-abi=soft -DSTM32 -DSTM32F0 -DSTM32F091RCTx -DDEBUG -DSTM32F091 -DUSE_STDPERIPH_DRIVER -I"C:/Users/Dorien Penebacker/workspace/lab0/StdPeriph_Driver/inc" -I"C:/Users/Dorien Penebacker/workspace/lab0/inc" -I"C:/Users/Dorien Penebacker/workspace/lab0/CMSIS/device" -I"C:/Users/Dorien Penebacker/workspace/lab0/CMSIS/core" -O0 -g3 -Wall -fmessage-length=0 -ffunction-sections -c -MMD -MP -MF"src/system_stm32f0xx.d" -MT"src/system_stm32f0xx.o" -o "src/system_stm32f0xx.o" "../src/system_stm32f0xx.c"
C:\Users\Dorien Penebacker\workspace\lab0\Debug
Invoking: MCU GCC Compiler
arm-none-eabi-gcc -mcpu=cortex-m0 -mthumb -mfloat-abi=soft -DSTM32 -DSTM32F0 -DSTM32F091RCTx -DDEBUG -DSTM32F091 -DUSE_STDPERIPH_DRIVER -I"C:/Users/Dorien Penebacker/workspace/lab0/StdPeriph_Driver/inc" -I"C:/Users/Dorien Penebacker/workspace/lab0/inc" -I"C:/Users/Dorien Penebacker/workspace/lab0/CMSIS/device" -I"C:/Users/Dorien Penebacker/workspace/lab0/CMSIS/core" -O0 -g3 -Wall -fmessage-length=0 -ffunction-sections -c -MMD -MP -MF"StdPeriph_Driver/src/stm32f0xx_adc.d" -MT"StdPeriph_Driver/src/stm32f0xx_adc.o" -o "StdPeriph_Driver/src/stm32f0xx_adc.o" "../StdPeriph_Driver/src/stm32f0xx_adc.c"
 
arm-none-eabi-gcc -mcpu=cortex-m0 -mthumb -mfloat-abi=soft -DSTM32 -DSTM32F0 -DSTM32F091RCTx -DDEBUG -DSTM32F091 -DUSE_STDPERIPH_DRIVER -I"C:/Users/Dorien Penebacker/workspace/lab0/StdPeriph_Driver/inc" -I"C:/Users/Dorien Penebacker/workspace/lab0/inc" -I"C:/Users/Dorien Penebacker/workspace/lab0/CMSIS/device" -I"C:/Users/Dorien Penebacker/workspace/lab0/CMSIS/core" -O0 -g3 -Wall -fmessage-length=0 -ffunction-sections -c -MMD -MP -MF"StdPeriph_Driver/src/stm32f0xx_can.d" -MT"StdPeriph_Driver/src/stm32f0xx_can.o" -o "StdPeriph_Driver/src/stm32f0xx_can.o" "../StdPeriph_Driver/src/stm32f0xx_can.c"
 
C:\Users\Dorien Penebacker\workspace\lab0\Debug
arm-none-eabi-gcc -mcpu=cortex-m0 -mthumb -mfloat-abi=soft -DSTM32 -DSTM32F0 -DSTM32F091RCTx -DDEBUG -DSTM32F091 -DUSE_STDPERIPH_DRIVER -I"C:/Users/Dorien Penebacker/workspace/lab0/StdPeriph_Driver/inc" -I"C:/Users/Dorien Penebacker/workspace/lab0/inc" -I"C:/Users/Dorien Penebacker/workspace/lab0/CMSIS/device" -I"C:/Users/Dorien Penebacker/workspace/lab0/CMSIS/core" -O0 -g3 -Wall -fmessage-length=0 -ffunction-sections -c -MMD -MP -MF"StdPeriph_Driver/src/stm32f0xx_cec.d" -MT"StdPeriph_Driver/src/stm32f0xx_cec.o" -o "StdPeriph_Driver/src/stm32f0xx_cec.o" "../StdPeriph_Driver/src/stm32f0xx_cec.c"
Building file: ../StdPeriph_Driver/src/stm32f0xx_comp.c
Building file: ../StdPeriph_Driver/src/stm32f0xx_crc.c
Invoking: MCU GCC Compiler
Invoking: MCU GCC Compiler
Building file: ../StdPeriph_Driver/src/stm32f0xx_crs.c
C:\Users\Dorien Penebacker\workspace\lab0\Debug
Finished building: ../src/syscalls.c
arm-none-eabi-gcc -mcpu=cortex-m0 -mthumb -mfloat-abi=soft -DSTM32 -DSTM32F0 -DSTM32F091RCTx -DDEBUG -DSTM32F091 -DUSE_STDPERIPH_DRIVER -I"C:/Users/Dorien Penebacker/workspace/lab0/StdPeriph_Driver/inc" -I"C:/Users/Dorien Penebacker/workspace/lab0/inc" -I"C:/Users/Dorien Penebacker/workspace/lab0/CMSIS/device" -I"C:/Users/Dorien Penebacker/workspace/lab0/CMSIS/core" -O0 -g3 -Wall -fmessage-length=0 -ffunction-sections -c -MMD -MP -MF"StdPeriph_Driver/src/stm32f0xx_comp.d" -MT"StdPeriph_Driver/src/stm32f0xx_comp.o" -o "StdPeriph_Driver/src/stm32f0xx_comp.o" "../StdPeriph_Driver/src/stm32f0xx_comp.c"
C:\Users\Dorien Penebacker\workspace\lab0\Debug
Invoking: MCU GCC Compiler
arm-none-eabi-gcc -mcpu=cortex-m0 -mthumb -mfloat-abi=soft -DSTM32 -DSTM32F0 -DSTM32F091RCTx -DDEBUG -DSTM32F091 -DUSE_STDPERIPH_DRIVER -I"C:/Users/Dorien Penebacker/workspace/lab0/StdPeriph_Driver/inc" -I"C:/Users/Dorien Penebacker/workspace/lab0/inc" -I"C:/Users/Dorien Penebacker/workspace/lab0/CMSIS/device" -I"C:/Users/Dorien Penebacker/workspace/lab0/CMSIS/core" -O0 -g3 -Wall -fmessage-length=0 -ffunction-sections -c -MMD -MP -MF"StdPeriph_Driver/src/stm32f0xx_crc.d" -MT"StdPeriph_Driver/src/stm32f0xx_crc.o" -o "StdPeriph_Driver/src/stm32f0xx_crc.o" "../StdPeriph_Driver/src/stm32f0xx_crc.c"
 
C:\Users\Dorien Penebacker\workspace\lab0\Debug
arm-none-eabi-gcc -mcpu=cortex-m0 -mthumb -mfloat-abi=soft -DSTM32 -DSTM32F0 -DSTM32F091RCTx -DDEBUG -DSTM32F091 -DUSE_STDPERIPH_DRIVER -I"C:/Users/Dorien Penebacker/workspace/lab0/StdPeriph_Driver/inc" -I"C:/Users/Dorien Penebacker/workspace/lab0/inc" -I"C:/Users/Dorien Penebacker/workspace/lab0/CMSIS/device" -I"C:/Users/Dorien Penebacker/workspace/lab0/CMSIS/core" -O0 -g3 -Wall -fmessage-length=0 -ffunction-sections -c -MMD -MP -MF"StdPeriph_Driver/src/stm32f0xx_crs.d" -MT"StdPeriph_Driver/src/stm32f0xx_crs.o" -o "StdPeriph_Driver/src/stm32f0xx_crs.o" "../StdPeriph_Driver/src/stm32f0xx_crs.c"
Building file: ../StdPeriph_Driver/src/stm32f0xx_dac.c
Invoking: MCU GCC Compiler
C:\Users\Dorien Penebacker\workspace\lab0\Debug
arm-none-eabi-gcc -mcpu=cortex-m0 -mthumb -mfloat-abi=soft -DSTM32 -DSTM32F0 -DSTM32F091RCTx -DDEBUG -DSTM32F091 -DUSE_STDPERIPH_DRIVER -I"C:/Users/Dorien Penebacker/workspace/lab0/StdPeriph_Driver/inc" -I"C:/Users/Dorien Penebacker/workspace/lab0/inc" -I"C:/Users/Dorien Penebacker/workspace/lab0/CMSIS/device" -I"C:/Users/Dorien Penebacker/workspace/lab0/CMSIS/core" -O0 -g3 -Wall -fmessage-length=0 -ffunction-sections -c -MMD -MP -MF"StdPeriph_Driver/src/stm32f0xx_dac.d" -MT"StdPeriph_Driver/src/stm32f0xx_dac.o" -o "StdPeriph_Driver/src/stm32f0xx_dac.o" "../StdPeriph_Driver/src/stm32f0xx_dac.c"
Finished building: ../src/system_stm32f0xx.c
 
Finished building: ../StdPeriph_Driver/src/stm32f0xx_adc.c
Building file: ../StdPeriph_Driver/src/stm32f0xx_dbgmcu.c
 
Invoking: MCU GCC Compiler
Finished building: ../StdPeriph_Driver/src/stm32f0xx_can.c
Finished building: ../StdPeriph_Driver/src/stm32f0xx_cec.c
C:\Users\Dorien Penebacker\workspace\lab0\Debug
Building file: ../StdPeriph_Driver/src/stm32f0xx_dma.c
arm-none-eabi-gcc -mcpu=cortex-m0 -mthumb -mfloat-abi=soft -DSTM32 -DSTM32F0 -DSTM32F091RCTx -DDEBUG -DSTM32F091 -DUSE_STDPERIPH_DRIVER -I"C:/Users/Dorien Penebacker/workspace/lab0/StdPeriph_Driver/inc" -I"C:/Users/Dorien Penebacker/workspace/lab0/inc" -I"C:/Users/Dorien Penebacker/workspace/lab0/CMSIS/device" -I"C:/Users/Dorien Penebacker/workspace/lab0/CMSIS/core" -O0 -g3 -Wall -fmessage-length=0 -ffunction-sections -c -MMD -MP -MF"StdPeriph_Driver/src/stm32f0xx_dbgmcu.d" -MT"StdPeriph_Driver/src/stm32f0xx_dbgmcu.o" -o "StdPeriph_Driver/src/stm32f0xx_dbgmcu.o" "../StdPeriph_Driver/src/stm32f0xx_dbgmcu.c"
 
 
Invoking: MCU GCC Compiler
Finished building: ../StdPeriph_Driver/src/stm32f0xx_comp.c
Building file: ../StdPeriph_Driver/src/stm32f0xx_exti.c
Finished building: ../StdPeriph_Driver/src/stm32f0xx_crc.c
C:\Users\Dorien Penebacker\workspace\lab0\Debug
 
arm-none-eabi-gcc -mcpu=cortex-m0 -mthumb -mfloat-abi=soft -DSTM32 -DSTM32F0 -DSTM32F091RCTx -DDEBUG -DSTM32F091 -DUSE_STDPERIPH_DRIVER -I"C:/Users/Dorien Penebacker/workspace/lab0/StdPeriph_Driver/inc" -I"C:/Users/Dorien Penebacker/workspace/lab0/inc" -I"C:/Users/Dorien Penebacker/workspace/lab0/CMSIS/device" -I"C:/Users/Dorien Penebacker/workspace/lab0/CMSIS/core" -O0 -g3 -Wall -fmessage-length=0 -ffunction-sections -c -MMD -MP -MF"StdPeriph_Driver/src/stm32f0xx_dma.d" -MT"StdPeriph_Driver/src/stm32f0xx_dma.o" -o "StdPeriph_Driver/src/stm32f0xx_dma.o" "../StdPeriph_Driver/src/stm32f0xx_dma.c"
Invoking: MCU GCC Compiler
 
Finished building: ../StdPeriph_Driver/src/stm32f0xx_crs.c
C:\Users\Dorien Penebacker\workspace\lab0\Debug
Building file: ../StdPeriph_Driver/src/stm32f0xx_flash.c
arm-none-eabi-gcc -mcpu=cortex-m0 -mthumb -mfloat-abi=soft -DSTM32 -DSTM32F0 -DSTM32F091RCTx -DDEBUG -DSTM32F091 -DUSE_STDPERIPH_DRIVER -I"C:/Users/Dorien Penebacker/workspace/lab0/StdPeriph_Driver/inc" -I"C:/Users/Dorien Penebacker/workspace/lab0/inc" -I"C:/Users/Dorien Penebacker/workspace/lab0/CMSIS/device" -I"C:/Users/Dorien Penebacker/workspace/lab0/CMSIS/core" -O0 -g3 -Wall -fmessage-length=0 -ffunction-sections -c -MMD -MP -MF"StdPeriph_Driver/src/stm32f0xx_exti.d" -MT"StdPeriph_Driver/src/stm32f0xx_exti.o" -o "StdPeriph_Driver/src/stm32f0xx_exti.o" "../StdPeriph_Driver/src/stm32f0xx_exti.c"
 
Invoking: MCU GCC Compiler
Building file: ../StdPeriph_Driver/src/stm32f0xx_gpio.c
Building file: ../StdPeriph_Driver/src/stm32f0xx_i2c.c
Finished building: ../StdPeriph_Driver/src/stm32f0xx_dac.c
C:\Users\Dorien Penebacker\workspace\lab0\Debug
Invoking: MCU GCC Compiler
arm-none-eabi-gcc -mcpu=cortex-m0 -mthumb -mfloat-abi=soft -DSTM32 -DSTM32F0 -DSTM32F091RCTx -DDEBUG -DSTM32F091 -DUSE_STDPERIPH_DRIVER -I"C:/Users/Dorien Penebacker/workspace/lab0/StdPeriph_Driver/inc" -I"C:/Users/Dorien Penebacker/workspace/lab0/inc" -I"C:/Users/Dorien Penebacker/workspace/lab0/CMSIS/device" -I"C:/Users/Dorien Penebacker/workspace/lab0/CMSIS/core" -O0 -g3 -Wall -fmessage-length=0 -ffunction-sections -c -MMD -MP -MF"StdPeriph_Driver/src/stm32f0xx_flash.d" -MT"StdPeriph_Driver/src/stm32f0xx_flash.o" -o "StdPeriph_Driver/src/stm32f0xx_flash.o" "../StdPeriph_Driver/src/stm32f0xx_flash.c"
Invoking: MCU GCC Compiler
 
C:\Users\Dorien Penebacker\workspace\lab0\Debug
arm-none-eabi-gcc -mcpu=cortex-m0 -mthumb -mfloat-abi=soft -DSTM32 -DSTM32F0 -DSTM32F091RCTx -DDEBUG -DSTM32F091 -DUSE_STDPERIPH_DRIVER -I"C:/Users/Dorien Penebacker/workspace/lab0/StdPeriph_Driver/inc" -I"C:/Users/Dorien Penebacker/workspace/lab0/inc" -I"C:/Users/Dorien Penebacker/workspace/lab0/CMSIS/device" -I"C:/Users/Dorien Penebacker/workspace/lab0/CMSIS/core" -O0 -g3 -Wall -fmessage-length=0 -ffunction-sections -c -MMD -MP -MF"StdPeriph_Driver/src/stm32f0xx_gpio.d" -MT"StdPeriph_Driver/src/stm32f0xx_gpio.o" -o "StdPeriph_Driver/src/stm32f0xx_gpio.o" "../StdPeriph_Driver/src/stm32f0xx_gpio.c"
C:\Users\Dorien Penebacker\workspace\lab0\Debug
Building file: ../StdPeriph_Driver/src/stm32f0xx_iwdg.c
arm-none-eabi-gcc -mcpu=cortex-m0 -mthumb -mfloat-abi=soft -DSTM32 -DSTM32F0 -DSTM32F091RCTx -DDEBUG -DSTM32F091 -DUSE_STDPERIPH_DRIVER -I"C:/Users/Dorien Penebacker/workspace/lab0/StdPeriph_Driver/inc" -I"C:/Users/Dorien Penebacker/workspace/lab0/inc" -I"C:/Users/Dorien Penebacker/workspace/lab0/CMSIS/device" -I"C:/Users/Dorien Penebacker/workspace/lab0/CMSIS/core" -O0 -g3 -Wall -fmessage-length=0 -ffunction-sections -c -MMD -MP -MF"StdPeriph_Driver/src/stm32f0xx_i2c.d" -MT"StdPeriph_Driver/src/stm32f0xx_i2c.o" -o "StdPeriph_Driver/src/stm32f0xx_i2c.o" "../StdPeriph_Driver/src/stm32f0xx_i2c.c"
Finished building: ../StdPeriph_Driver/src/stm32f0xx_dbgmcu.c
Invoking: MCU GCC Compiler
Building file: ../StdPeriph_Driver/src/stm32f0xx_misc.c
 
C:\Users\Dorien Penebacker\workspace\lab0\Debug
Invoking: MCU GCC Compiler
arm-none-eabi-gcc -mcpu=cortex-m0 -mthumb -mfloat-abi=soft -DSTM32 -DSTM32F0 -DSTM32F091RCTx -DDEBUG -DSTM32F091 -DUSE_STDPERIPH_DRIVER -I"C:/Users/Dorien Penebacker/workspace/lab0/StdPeriph_Driver/inc" -I"C:/Users/Dorien Penebacker/workspace/lab0/inc" -I"C:/Users/Dorien Penebacker/workspace/lab0/CMSIS/device" -I"C:/Users/Dorien Penebacker/workspace/lab0/CMSIS/core" -O0 -g3 -Wall -fmessage-length=0 -ffunction-sections -c -MMD -MP -MF"StdPeriph_Driver/src/stm32f0xx_iwdg.d" -MT"StdPeriph_Driver/src/stm32f0xx_iwdg.o" -o "StdPeriph_Driver/src/stm32f0xx_iwdg.o" "../StdPeriph_Driver/src/stm32f0xx_iwdg.c"
Building file: ../StdPeriph_Driver/src/stm32f0xx_pwr.c
C:\Users\Dorien Penebacker\workspace\lab0\Debug
arm-none-eabi-gcc -mcpu=cortex-m0 -mthumb -mfloat-abi=soft -DSTM32 -DSTM32F0 -DSTM32F091RCTx -DDEBUG -DSTM32F091 -DUSE_STDPERIPH_DRIVER -I"C:/Users/Dorien Penebacker/workspace/lab0/StdPeriph_Driver/inc" -I"C:/Users/Dorien Penebacker/workspace/lab0/inc" -I"C:/Users/Dorien Penebacker/workspace/lab0/CMSIS/device" -I"C:/Users/Dorien Penebacker/workspace/lab0/CMSIS/core" -O0 -g3 -Wall -fmessage-length=0 -ffunction-sections -c -MMD -MP -MF"StdPeriph_Driver/src/stm32f0xx_misc.d" -MT"StdPeriph_Driver/src/stm32f0xx_misc.o" -o "StdPeriph_Driver/src/stm32f0xx_misc.o" "../StdPeriph_Driver/src/stm32f0xx_misc.c"
Invoking: MCU GCC Compiler
Finished building: ../StdPeriph_Driver/src/stm32f0xx_dma.c
C:\Users\Dorien Penebacker\workspace\lab0\Debug
arm-none-eabi-gcc -mcpu=cortex-m0 -mthumb -mfloat-abi=soft -DSTM32 -DSTM32F0 -DSTM32F091RCTx -DDEBUG -DSTM32F091 -DUSE_STDPERIPH_DRIVER -I"C:/Users/Dorien Penebacker/workspace/lab0/StdPeriph_Driver/inc" -I"C:/Users/Dorien Penebacker/workspace/lab0/inc" -I"C:/Users/Dorien Penebacker/workspace/lab0/CMSIS/device" -I"C:/Users/Dorien Penebacker/workspace/lab0/CMSIS/core" -O0 -g3 -Wall -fmessage-length=0 -ffunction-sections -c -MMD -MP -MF"StdPeriph_Driver/src/stm32f0xx_pwr.d" -MT"StdPeriph_Driver/src/stm32f0xx_pwr.o" -o "StdPeriph_Driver/src/stm32f0xx_pwr.o" "../StdPeriph_Driver/src/stm32f0xx_pwr.c"
 
Finished building: ../StdPeriph_Driver/src/stm32f0xx_exti.c
Building file: ../StdPeriph_Driver/src/stm32f0xx_rcc.c
 
Invoking: MCU GCC Compiler
Building file: ../StdPeriph_Driver/src/stm32f0xx_rtc.c
C:\Users\Dorien Penebacker\workspace\lab0\Debug
Finished building: ../StdPeriph_Driver/src/stm32f0xx_flash.c
arm-none-eabi-gcc -mcpu=cortex-m0 -mthumb -mfloat-abi=soft -DSTM32 -DSTM32F0 -DSTM32F091RCTx -DDEBUG -DSTM32F091 -DUSE_STDPERIPH_DRIVER -I"C:/Users/Dorien Penebacker/workspace/lab0/StdPeriph_Driver/inc" -I"C:/Users/Dorien Penebacker/workspace/lab0/inc" -I"C:/Users/Dorien Penebacker/workspace/lab0/CMSIS/device" -I"C:/Users/Dorien Penebacker/workspace/lab0/CMSIS/core" -O0 -g3 -Wall -fmessage-length=0 -ffunction-sections -c -MMD -MP -MF"StdPeriph_Driver/src/stm32f0xx_rcc.d" -MT"StdPeriph_Driver/src/stm32f0xx_rcc.o" -o "StdPeriph_Driver/src/stm32f0xx_rcc.o" "../StdPeriph_Driver/src/stm32f0xx_rcc.c"
Finished building: ../StdPeriph_Driver/src/stm32f0xx_gpio.c
Invoking: MCU GCC Compiler
Finished building: ../StdPeriph_Driver/src/stm32f0xx_i2c.c
 
 
C:\Users\Dorien Penebacker\workspace\lab0\Debug
arm-none-eabi-gcc -mcpu=cortex-m0 -mthumb -mfloat-abi=soft -DSTM32 -DSTM32F0 -DSTM32F091RCTx -DDEBUG -DSTM32F091 -DUSE_STDPERIPH_DRIVER -I"C:/Users/Dorien Penebacker/workspace/lab0/StdPeriph_Driver/inc" -I"C:/Users/Dorien Penebacker/workspace/lab0/inc" -I"C:/Users/Dorien Penebacker/workspace/lab0/CMSIS/device" -I"C:/Users/Dorien Penebacker/workspace/lab0/CMSIS/core" -O0 -g3 -Wall -fmessage-length=0 -ffunction-sections -c -MMD -MP -MF"StdPeriph_Driver/src/stm32f0xx_rtc.d" -MT"StdPeriph_Driver/src/stm32f0xx_rtc.o" -o "StdPeriph_Driver/src/stm32f0xx_rtc.o" "../StdPeriph_Driver/src/stm32f0xx_rtc.c"
 
Building file: ../StdPeriph_Driver/src/stm32f0xx_spi.c
Building file: ../StdPeriph_Driver/src/stm32f0xx_syscfg.c
Finished building: ../StdPeriph_Driver/src/stm32f0xx_iwdg.c
Invoking: MCU GCC Compiler
Invoking: MCU GCC Compiler
 
Finished building: ../StdPeriph_Driver/src/stm32f0xx_misc.c
C:\Users\Dorien Penebacker\workspace\lab0\Debug
arm-none-eabi-gcc -mcpu=cortex-m0 -mthumb -mfloat-abi=soft -DSTM32 -DSTM32F0 -DSTM32F091RCTx -DDEBUG -DSTM32F091 -DUSE_STDPERIPH_DRIVER -I"C:/Users/Dorien Penebacker/workspace/lab0/StdPeriph_Driver/inc" -I"C:/Users/Dorien Penebacker/workspace/lab0/inc" -I"C:/Users/Dorien Penebacker/workspace/lab0/CMSIS/device" -I"C:/Users/Dorien Penebacker/workspace/lab0/CMSIS/core" -O0 -g3 -Wall -fmessage-length=0 -ffunction-sections -c -MMD -MP -MF"StdPeriph_Driver/src/stm32f0xx_spi.d" -MT"StdPeriph_Driver/src/stm32f0xx_spi.o" -o "StdPeriph_Driver/src/stm32f0xx_spi.o" "../StdPeriph_Driver/src/stm32f0xx_spi.c"
C:\Users\Dorien Penebacker\workspace\lab0\Debug
 
arm-none-eabi-gcc -mcpu=cortex-m0 -mthumb -mfloat-abi=soft -DSTM32 -DSTM32F0 -DSTM32F091RCTx -DDEBUG -DSTM32F091 -DUSE_STDPERIPH_DRIVER -I"C:/Users/Dorien Penebacker/workspace/lab0/StdPeriph_Driver/inc" -I"C:/Users/Dorien Penebacker/workspace/lab0/inc" -I"C:/Users/Dorien Penebacker/workspace/lab0/CMSIS/device" -I"C:/Users/Dorien Penebacker/workspace/lab0/CMSIS/core" -O0 -g3 -Wall -fmessage-length=0 -ffunction-sections -c -MMD -MP -MF"StdPeriph_Driver/src/stm32f0xx_syscfg.d" -MT"StdPeriph_Driver/src/stm32f0xx_syscfg.o" -o "StdPeriph_Driver/src/stm32f0xx_syscfg.o" "../StdPeriph_Driver/src/stm32f0xx_syscfg.c"
Building file: ../StdPeriph_Driver/src/stm32f0xx_tim.c
Finished building: ../StdPeriph_Driver/src/stm32f0xx_pwr.c
Invoking: MCU GCC Compiler
 
Building file: ../StdPeriph_Driver/src/stm32f0xx_usart.c
Building file: ../StdPeriph_Driver/src/stm32f0xx_wwdg.c
C:\Users\Dorien Penebacker\workspace\lab0\Debug
arm-none-eabi-gcc -mcpu=cortex-m0 -mthumb -mfloat-abi=soft -DSTM32 -DSTM32F0 -DSTM32F091RCTx -DDEBUG -DSTM32F091 -DUSE_STDPERIPH_DRIVER -I"C:/Users/Dorien Penebacker/workspace/lab0/StdPeriph_Driver/inc" -I"C:/Users/Dorien Penebacker/workspace/lab0/inc" -I"C:/Users/Dorien Penebacker/workspace/lab0/CMSIS/device" -I"C:/Users/Dorien Penebacker/workspace/lab0/CMSIS/core" -O0 -g3 -Wall -fmessage-length=0 -ffunction-sections -c -MMD -MP -MF"StdPeriph_Driver/src/stm32f0xx_tim.d" -MT"StdPeriph_Driver/src/stm32f0xx_tim.o" -o "StdPeriph_Driver/src/stm32f0xx_tim.o" "../StdPeriph_Driver/src/stm32f0xx_tim.c"
Invoking: MCU GCC Compiler
Invoking: MCU GCC Compiler
C:\Users\Dorien Penebacker\workspace\lab0\Debug
arm-none-eabi-gcc -mcpu=cortex-m0 -mthumb -mfloat-abi=soft -DSTM32 -DSTM32F0 -DSTM32F091RCTx -DDEBUG -DSTM32F091 -DUSE_STDPERIPH_DRIVER -I"C:/Users/Dorien Penebacker/workspace/lab0/StdPeriph_Driver/inc" -I"C:/Users/Dorien Penebacker/workspace/lab0/inc" -I"C:/Users/Dorien Penebacker/workspace/lab0/CMSIS/device" -I"C:/Users/Dorien Penebacker/workspace/lab0/CMSIS/core" -O0 -g3 -Wall -fmessage-length=0 -ffunction-sections -c -MMD -MP -MF"StdPeriph_Driver/src/stm32f0xx_usart.d" -MT"StdPeriph_Driver/src/stm32f0xx_usart.o" -o "StdPeriph_Driver/src/stm32f0xx_usart.o" "../StdPeriph_Driver/src/stm32f0xx_usart.c"
C:\Users\Dorien Penebacker\workspace\lab0\Debug
arm-none-eabi-gcc -mcpu=cortex-m0 -mthumb -mfloat-abi=soft -DSTM32 -DSTM32F0 -DSTM32F091RCTx -DDEBUG -DSTM32F091 -DUSE_STDPERIPH_DRIVER -I"C:/Users/Dorien Penebacker/workspace/lab0/StdPeriph_Driver/inc" -I"C:/Users/Dorien Penebacker/workspace/lab0/inc" -I"C:/Users/Dorien Penebacker/workspace/lab0/CMSIS/device" -I"C:/Users/Dorien Penebacker/workspace/lab0/CMSIS/core" -O0 -g3 -Wall -fmessage-length=0 -ffunction-sections -c -MMD -MP -MF"StdPeriph_Driver/src/stm32f0xx_wwdg.d" -MT"StdPeriph_Driver/src/stm32f0xx_wwdg.o" -o "StdPeriph_Driver/src/stm32f0xx_wwdg.o" "../StdPeriph_Driver/src/stm32f0xx_wwdg.c"
Finished building: ../StdPeriph_Driver/src/stm32f0xx_rcc.c
 
Finished building: ../StdPeriph_Driver/src/stm32f0xx_rtc.c
 
Finished building: ../StdPeriph_Driver/src/stm32f0xx_spi.c
Finished building: ../StdPeriph_Driver/src/stm32f0xx_syscfg.c
 
 
Finished building: ../StdPeriph_Driver/src/stm32f0xx_wwdg.c
 
Finished building: ../StdPeriph_Driver/src/stm32f0xx_usart.c
Finished building: ../StdPeriph_Driver/src/stm32f0xx_tim.c
 
 
Building target: lab0.elf
Invoking: MCU GCC Linker
arm-none-eabi-gcc -mcpu=cortex-m0 -mthumb -mfloat-abi=soft -T"C:/Users/Dorien Penebacker/workspace/lab0/LinkerScript.ld" -Wl,-Map=output.map -Wl,--gc-sections -o "lab0.elf" @"objects.list"   -lm
Finished building target: lab0.elf
 
make --no-print-directory post-build
Generating binary and Printing size information:
arm-none-eabi-objcopy -O binary "lab0.elf" "lab0.bin"
arm-none-eabi-size "lab0.elf"
   text	   data	    bss	    dec	    hex	filename
   1168	   1080	   1092	   3340	    d0c	lab0.elf
 
17:36:25 **** Clean-only build of configuration Debug for project lab0 ****
make -j8 clean 
rm -rf *
rm: can't remove 'lab0.elf': Permission denied
make: [clean] Error 1 (ignored)
makefile:44: recipe for target 'clean' failed
 
17:36:25 **** Incremental Build of configuration Debug for project lab0 ****
make -j8 all 
Building file: ../startup/startup_stm32.s
Building file: ../src/lab0.s
Building file: ../src/syscalls.c
Invoking: MCU GCC Assembler
Invoking: MCU GCC Assembler
Invoking: MCU GCC Compiler
C:\Users\Dorien Penebacker\workspace\lab0\Debug
arm-none-eabi-as -mcpu=cortex-m0 -mthumb -mfloat-abi=soft -I"C:/Users/Dorien Penebacker/workspace/lab0/StdPeriph_Driver/inc" -I"C:/Users/Dorien Penebacker/workspace/lab0/inc" -I"C:/Users/Dorien Penebacker/workspace/lab0/CMSIS/device" -I"C:/Users/Dorien Penebacker/workspace/lab0/CMSIS/core" -g -o "startup/startup_stm32.o" "../startup/startup_stm32.s"
C:\Users\Dorien Penebacker\workspace\lab0\Debug
arm-none-eabi-as -mcpu=cortex-m0 -mthumb -mfloat-abi=soft -I"C:/Users/Dorien Penebacker/workspace/lab0/StdPeriph_Driver/inc" -I"C:/Users/Dorien Penebacker/workspace/lab0/inc" -I"C:/Users/Dorien Penebacker/workspace/lab0/CMSIS/device" -I"C:/Users/Dorien Penebacker/workspace/lab0/CMSIS/core" -g -o "src/lab0.o" "../src/lab0.s"
C:\Users\Dorien Penebacker\workspace\lab0\Debug
arm-none-eabi-gcc -mcpu=cortex-m0 -mthumb -mfloat-abi=soft -DSTM32 -DSTM32F0 -DSTM32F091RCTx -DDEBUG -DSTM32F091 -DUSE_STDPERIPH_DRIVER -I"C:/Users/Dorien Penebacker/workspace/lab0/StdPeriph_Driver/inc" -I"C:/Users/Dorien Penebacker/workspace/lab0/inc" -I"C:/Users/Dorien Penebacker/workspace/lab0/CMSIS/device" -I"C:/Users/Dorien Penebacker/workspace/lab0/CMSIS/core" -O0 -g3 -Wall -fmessage-length=0 -ffunction-sections -c -MMD -MP -MF"src/syscalls.d" -MT"src/syscalls.o" -o "src/syscalls.o" "../src/syscalls.c"
Building file: ../src/system_stm32f0xx.c
Building file: ../StdPeriph_Driver/src/stm32f0xx_adc.c
Building file: ../StdPeriph_Driver/src/stm32f0xx_can.c
Invoking: MCU GCC Compiler
Invoking: MCU GCC Compiler
Invoking: MCU GCC Compiler
C:\Users\Dorien Penebacker\workspace\lab0\Debug
Finished building: ../startup/startup_stm32.s
Finished building: ../src/lab0.s
arm-none-eabi-gcc -mcpu=cortex-m0 -mthumb -mfloat-abi=soft -DSTM32 -DSTM32F0 -DSTM32F091RCTx -DDEBUG -DSTM32F091 -DUSE_STDPERIPH_DRIVER -I"C:/Users/Dorien Penebacker/workspace/lab0/StdPeriph_Driver/inc" -I"C:/Users/Dorien Penebacker/workspace/lab0/inc" -I"C:/Users/Dorien Penebacker/workspace/lab0/CMSIS/device" -I"C:/Users/Dorien Penebacker/workspace/lab0/CMSIS/core" -O0 -g3 -Wall -fmessage-length=0 -ffunction-sections -c -MMD -MP -MF"src/system_stm32f0xx.d" -MT"src/system_stm32f0xx.o" -o "src/system_stm32f0xx.o" "../src/system_stm32f0xx.c"
C:\Users\Dorien Penebacker\workspace\lab0\Debug
C:\Users\Dorien Penebacker\workspace\lab0\Debug
arm-none-eabi-gcc -mcpu=cortex-m0 -mthumb -mfloat-abi=soft -DSTM32 -DSTM32F0 -DSTM32F091RCTx -DDEBUG -DSTM32F091 -DUSE_STDPERIPH_DRIVER -I"C:/Users/Dorien Penebacker/workspace/lab0/StdPeriph_Driver/inc" -I"C:/Users/Dorien Penebacker/workspace/lab0/inc" -I"C:/Users/Dorien Penebacker/workspace/lab0/CMSIS/device" -I"C:/Users/Dorien Penebacker/workspace/lab0/CMSIS/core" -O0 -g3 -Wall -fmessage-length=0 -ffunction-sections -c -MMD -MP -MF"StdPeriph_Driver/src/stm32f0xx_adc.d" -MT"StdPeriph_Driver/src/stm32f0xx_adc.o" -o "StdPeriph_Driver/src/stm32f0xx_adc.o" "../StdPeriph_Driver/src/stm32f0xx_adc.c"
 
arm-none-eabi-gcc -mcpu=cortex-m0 -mthumb -mfloat-abi=soft -DSTM32 -DSTM32F0 -DSTM32F091RCTx -DDEBUG -DSTM32F091 -DUSE_STDPERIPH_DRIVER -I"C:/Users/Dorien Penebacker/workspace/lab0/StdPeriph_Driver/inc" -I"C:/Users/Dorien Penebacker/workspace/lab0/inc" -I"C:/Users/Dorien Penebacker/workspace/lab0/CMSIS/device" -I"C:/Users/Dorien Penebacker/workspace/lab0/CMSIS/core" -O0 -g3 -Wall -fmessage-length=0 -ffunction-sections -c -MMD -MP -MF"StdPeriph_Driver/src/stm32f0xx_can.d" -MT"StdPeriph_Driver/src/stm32f0xx_can.o" -o "StdPeriph_Driver/src/stm32f0xx_can.o" "../StdPeriph_Driver/src/stm32f0xx_can.c"
 
Building file: ../StdPeriph_Driver/src/stm32f0xx_cec.c
Building file: ../StdPeriph_Driver/src/stm32f0xx_comp.c
Building file: ../StdPeriph_Driver/src/stm32f0xx_crc.c
Invoking: MCU GCC Compiler
Invoking: MCU GCC Compiler
Invoking: MCU GCC Compiler
C:\Users\Dorien Penebacker\workspace\lab0\Debug
C:\Users\Dorien Penebacker\workspace\lab0\Debug
arm-none-eabi-gcc -mcpu=cortex-m0 -mthumb -mfloat-abi=soft -DSTM32 -DSTM32F0 -DSTM32F091RCTx -DDEBUG -DSTM32F091 -DUSE_STDPERIPH_DRIVER -I"C:/Users/Dorien Penebacker/workspace/lab0/StdPeriph_Driver/inc" -I"C:/Users/Dorien Penebacker/workspace/lab0/inc" -I"C:/Users/Dorien Penebacker/workspace/lab0/CMSIS/device" -I"C:/Users/Dorien Penebacker/workspace/lab0/CMSIS/core" -O0 -g3 -Wall -fmessage-length=0 -ffunction-sections -c -MMD -MP -MF"StdPeriph_Driver/src/stm32f0xx_cec.d" -MT"StdPeriph_Driver/src/stm32f0xx_cec.o" -o "StdPeriph_Driver/src/stm32f0xx_cec.o" "../StdPeriph_Driver/src/stm32f0xx_cec.c"
C:\Users\Dorien Penebacker\workspace\lab0\Debug
arm-none-eabi-gcc -mcpu=cortex-m0 -mthumb -mfloat-abi=soft -DSTM32 -DSTM32F0 -DSTM32F091RCTx -DDEBUG -DSTM32F091 -DUSE_STDPERIPH_DRIVER -I"C:/Users/Dorien Penebacker/workspace/lab0/StdPeriph_Driver/inc" -I"C:/Users/Dorien Penebacker/workspace/lab0/inc" -I"C:/Users/Dorien Penebacker/workspace/lab0/CMSIS/device" -I"C:/Users/Dorien Penebacker/workspace/lab0/CMSIS/core" -O0 -g3 -Wall -fmessage-length=0 -ffunction-sections -c -MMD -MP -MF"StdPeriph_Driver/src/stm32f0xx_comp.d" -MT"StdPeriph_Driver/src/stm32f0xx_comp.o" -o "StdPeriph_Driver/src/stm32f0xx_comp.o" "../StdPeriph_Driver/src/stm32f0xx_comp.c"
Finished building: ../src/syscalls.c
arm-none-eabi-gcc -mcpu=cortex-m0 -mthumb -mfloat-abi=soft -DSTM32 -DSTM32F0 -DSTM32F091RCTx -DDEBUG -DSTM32F091 -DUSE_STDPERIPH_DRIVER -I"C:/Users/Dorien Penebacker/workspace/lab0/StdPeriph_Driver/inc" -I"C:/Users/Dorien Penebacker/workspace/lab0/inc" -I"C:/Users/Dorien Penebacker/workspace/lab0/CMSIS/device" -I"C:/Users/Dorien Penebacker/workspace/lab0/CMSIS/core" -O0 -g3 -Wall -fmessage-length=0 -ffunction-sections -c -MMD -MP -MF"StdPeriph_Driver/src/stm32f0xx_crc.d" -MT"StdPeriph_Driver/src/stm32f0xx_crc.o" -o "StdPeriph_Driver/src/stm32f0xx_crc.o" "../StdPeriph_Driver/src/stm32f0xx_crc.c"
 
Building file: ../StdPeriph_Driver/src/stm32f0xx_crs.c
Building file: ../StdPeriph_Driver/src/stm32f0xx_dac.c
Invoking: MCU GCC Compiler
Invoking: MCU GCC Compiler
C:\Users\Dorien Penebacker\workspace\lab0\Debug
arm-none-eabi-gcc -mcpu=cortex-m0 -mthumb -mfloat-abi=soft -DSTM32 -DSTM32F0 -DSTM32F091RCTx -DDEBUG -DSTM32F091 -DUSE_STDPERIPH_DRIVER -I"C:/Users/Dorien Penebacker/workspace/lab0/StdPeriph_Driver/inc" -I"C:/Users/Dorien Penebacker/workspace/lab0/inc" -I"C:/Users/Dorien Penebacker/workspace/lab0/CMSIS/device" -I"C:/Users/Dorien Penebacker/workspace/lab0/CMSIS/core" -O0 -g3 -Wall -fmessage-length=0 -ffunction-sections -c -MMD -MP -MF"StdPeriph_Driver/src/stm32f0xx_crs.d" -MT"StdPeriph_Driver/src/stm32f0xx_crs.o" -o "StdPeriph_Driver/src/stm32f0xx_crs.o" "../StdPeriph_Driver/src/stm32f0xx_crs.c"
C:\Users\Dorien Penebacker\workspace\lab0\Debug
arm-none-eabi-gcc -mcpu=cortex-m0 -mthumb -mfloat-abi=soft -DSTM32 -DSTM32F0 -DSTM32F091RCTx -DDEBUG -DSTM32F091 -DUSE_STDPERIPH_DRIVER -I"C:/Users/Dorien Penebacker/workspace/lab0/StdPeriph_Driver/inc" -I"C:/Users/Dorien Penebacker/workspace/lab0/inc" -I"C:/Users/Dorien Penebacker/workspace/lab0/CMSIS/device" -I"C:/Users/Dorien Penebacker/workspace/lab0/CMSIS/core" -O0 -g3 -Wall -fmessage-length=0 -ffunction-sections -c -MMD -MP -MF"StdPeriph_Driver/src/stm32f0xx_dac.d" -MT"StdPeriph_Driver/src/stm32f0xx_dac.o" -o "StdPeriph_Driver/src/stm32f0xx_dac.o" "../StdPeriph_Driver/src/stm32f0xx_dac.c"
Finished building: ../src/system_stm32f0xx.c
Finished building: ../StdPeriph_Driver/src/stm32f0xx_adc.c
 
 
Building file: ../StdPeriph_Driver/src/stm32f0xx_dbgmcu.c
Finished building: ../StdPeriph_Driver/src/stm32f0xx_can.c
Building file: ../StdPeriph_Driver/src/stm32f0xx_dma.c
Invoking: MCU GCC Compiler
 
Invoking: MCU GCC Compiler
C:\Users\Dorien Penebacker\workspace\lab0\Debug
Finished building: ../StdPeriph_Driver/src/stm32f0xx_cec.c
arm-none-eabi-gcc -mcpu=cortex-m0 -mthumb -mfloat-abi=soft -DSTM32 -DSTM32F0 -DSTM32F091RCTx -DDEBUG -DSTM32F091 -DUSE_STDPERIPH_DRIVER -I"C:/Users/Dorien Penebacker/workspace/lab0/StdPeriph_Driver/inc" -I"C:/Users/Dorien Penebacker/workspace/lab0/inc" -I"C:/Users/Dorien Penebacker/workspace/lab0/CMSIS/device" -I"C:/Users/Dorien Penebacker/workspace/lab0/CMSIS/core" -O0 -g3 -Wall -fmessage-length=0 -ffunction-sections -c -MMD -MP -MF"StdPeriph_Driver/src/stm32f0xx_dbgmcu.d" -MT"StdPeriph_Driver/src/stm32f0xx_dbgmcu.o" -o "StdPeriph_Driver/src/stm32f0xx_dbgmcu.o" "../StdPeriph_Driver/src/stm32f0xx_dbgmcu.c"
C:\Users\Dorien Penebacker\workspace\lab0\Debug
Finished building: ../StdPeriph_Driver/src/stm32f0xx_crc.c
arm-none-eabi-gcc -mcpu=cortex-m0 -mthumb -mfloat-abi=soft -DSTM32 -DSTM32F0 -DSTM32F091RCTx -DDEBUG -DSTM32F091 -DUSE_STDPERIPH_DRIVER -I"C:/Users/Dorien Penebacker/workspace/lab0/StdPeriph_Driver/inc" -I"C:/Users/Dorien Penebacker/workspace/lab0/inc" -I"C:/Users/Dorien Penebacker/workspace/lab0/CMSIS/device" -I"C:/Users/Dorien Penebacker/workspace/lab0/CMSIS/core" -O0 -g3 -Wall -fmessage-length=0 -ffunction-sections -c -MMD -MP -MF"StdPeriph_Driver/src/stm32f0xx_dma.d" -MT"StdPeriph_Driver/src/stm32f0xx_dma.o" -o "StdPeriph_Driver/src/stm32f0xx_dma.o" "../StdPeriph_Driver/src/stm32f0xx_dma.c"
Finished building: ../StdPeriph_Driver/src/stm32f0xx_comp.c
 
 
 
Building file: ../StdPeriph_Driver/src/stm32f0xx_exti.c
Building file: ../StdPeriph_Driver/src/stm32f0xx_flash.c
Building file: ../StdPeriph_Driver/src/stm32f0xx_gpio.c
Invoking: MCU GCC Compiler
Invoking: MCU GCC Compiler
Invoking: MCU GCC Compiler
Finished building: ../StdPeriph_Driver/src/stm32f0xx_crs.c
Finished building: ../StdPeriph_Driver/src/stm32f0xx_dac.c
C:\Users\Dorien Penebacker\workspace\lab0\Debug
C:\Users\Dorien Penebacker\workspace\lab0\Debug
C:\Users\Dorien Penebacker\workspace\lab0\Debug
arm-none-eabi-gcc -mcpu=cortex-m0 -mthumb -mfloat-abi=soft -DSTM32 -DSTM32F0 -DSTM32F091RCTx -DDEBUG -DSTM32F091 -DUSE_STDPERIPH_DRIVER -I"C:/Users/Dorien Penebacker/workspace/lab0/StdPeriph_Driver/inc" -I"C:/Users/Dorien Penebacker/workspace/lab0/inc" -I"C:/Users/Dorien Penebacker/workspace/lab0/CMSIS/device" -I"C:/Users/Dorien Penebacker/workspace/lab0/CMSIS/core" -O0 -g3 -Wall -fmessage-length=0 -ffunction-sections -c -MMD -MP -MF"StdPeriph_Driver/src/stm32f0xx_exti.d" -MT"StdPeriph_Driver/src/stm32f0xx_exti.o" -o "StdPeriph_Driver/src/stm32f0xx_exti.o" "../StdPeriph_Driver/src/stm32f0xx_exti.c"
 
arm-none-eabi-gcc -mcpu=cortex-m0 -mthumb -mfloat-abi=soft -DSTM32 -DSTM32F0 -DSTM32F091RCTx -DDEBUG -DSTM32F091 -DUSE_STDPERIPH_DRIVER -I"C:/Users/Dorien Penebacker/workspace/lab0/StdPeriph_Driver/inc" -I"C:/Users/Dorien Penebacker/workspace/lab0/inc" -I"C:/Users/Dorien Penebacker/workspace/lab0/CMSIS/device" -I"C:/Users/Dorien Penebacker/workspace/lab0/CMSIS/core" -O0 -g3 -Wall -fmessage-length=0 -ffunction-sections -c -MMD -MP -MF"StdPeriph_Driver/src/stm32f0xx_flash.d" -MT"StdPeriph_Driver/src/stm32f0xx_flash.o" -o "StdPeriph_Driver/src/stm32f0xx_flash.o" "../StdPeriph_Driver/src/stm32f0xx_flash.c"
 
arm-none-eabi-gcc -mcpu=cortex-m0 -mthumb -mfloat-abi=soft -DSTM32 -DSTM32F0 -DSTM32F091RCTx -DDEBUG -DSTM32F091 -DUSE_STDPERIPH_DRIVER -I"C:/Users/Dorien Penebacker/workspace/lab0/StdPeriph_Driver/inc" -I"C:/Users/Dorien Penebacker/workspace/lab0/inc" -I"C:/Users/Dorien Penebacker/workspace/lab0/CMSIS/device" -I"C:/Users/Dorien Penebacker/workspace/lab0/CMSIS/core" -O0 -g3 -Wall -fmessage-length=0 -ffunction-sections -c -MMD -MP -MF"StdPeriph_Driver/src/stm32f0xx_gpio.d" -MT"StdPeriph_Driver/src/stm32f0xx_gpio.o" -o "StdPeriph_Driver/src/stm32f0xx_gpio.o" "../StdPeriph_Driver/src/stm32f0xx_gpio.c"
Building file: ../StdPeriph_Driver/src/stm32f0xx_i2c.c
Building file: ../StdPeriph_Driver/src/stm32f0xx_iwdg.c
Building file: ../StdPeriph_Driver/src/stm32f0xx_misc.c
Invoking: MCU GCC Compiler
Invoking: MCU GCC Compiler
Invoking: MCU GCC Compiler
C:\Users\Dorien Penebacker\workspace\lab0\Debug
Finished building: ../StdPeriph_Driver/src/stm32f0xx_dbgmcu.c
arm-none-eabi-gcc -mcpu=cortex-m0 -mthumb -mfloat-abi=soft -DSTM32 -DSTM32F0 -DSTM32F091RCTx -DDEBUG -DSTM32F091 -DUSE_STDPERIPH_DRIVER -I"C:/Users/Dorien Penebacker/workspace/lab0/StdPeriph_Driver/inc" -I"C:/Users/Dorien Penebacker/workspace/lab0/inc" -I"C:/Users/Dorien Penebacker/workspace/lab0/CMSIS/device" -I"C:/Users/Dorien Penebacker/workspace/lab0/CMSIS/core" -O0 -g3 -Wall -fmessage-length=0 -ffunction-sections -c -MMD -MP -MF"StdPeriph_Driver/src/stm32f0xx_i2c.d" -MT"StdPeriph_Driver/src/stm32f0xx_i2c.o" -o "StdPeriph_Driver/src/stm32f0xx_i2c.o" "../StdPeriph_Driver/src/stm32f0xx_i2c.c"
C:\Users\Dorien Penebacker\workspace\lab0\Debug
C:\Users\Dorien Penebacker\workspace\lab0\Debug
arm-none-eabi-gcc -mcpu=cortex-m0 -mthumb -mfloat-abi=soft -DSTM32 -DSTM32F0 -DSTM32F091RCTx -DDEBUG -DSTM32F091 -DUSE_STDPERIPH_DRIVER -I"C:/Users/Dorien Penebacker/workspace/lab0/StdPeriph_Driver/inc" -I"C:/Users/Dorien Penebacker/workspace/lab0/inc" -I"C:/Users/Dorien Penebacker/workspace/lab0/CMSIS/device" -I"C:/Users/Dorien Penebacker/workspace/lab0/CMSIS/core" -O0 -g3 -Wall -fmessage-length=0 -ffunction-sections -c -MMD -MP -MF"StdPeriph_Driver/src/stm32f0xx_iwdg.d" -MT"StdPeriph_Driver/src/stm32f0xx_iwdg.o" -o "StdPeriph_Driver/src/stm32f0xx_iwdg.o" "../StdPeriph_Driver/src/stm32f0xx_iwdg.c"
Finished building: ../StdPeriph_Driver/src/stm32f0xx_dma.c
 
arm-none-eabi-gcc -mcpu=cortex-m0 -mthumb -mfloat-abi=soft -DSTM32 -DSTM32F0 -DSTM32F091RCTx -DDEBUG -DSTM32F091 -DUSE_STDPERIPH_DRIVER -I"C:/Users/Dorien Penebacker/workspace/lab0/StdPeriph_Driver/inc" -I"C:/Users/Dorien Penebacker/workspace/lab0/inc" -I"C:/Users/Dorien Penebacker/workspace/lab0/CMSIS/device" -I"C:/Users/Dorien Penebacker/workspace/lab0/CMSIS/core" -O0 -g3 -Wall -fmessage-length=0 -ffunction-sections -c -MMD -MP -MF"StdPeriph_Driver/src/stm32f0xx_misc.d" -MT"StdPeriph_Driver/src/stm32f0xx_misc.o" -o "StdPeriph_Driver/src/stm32f0xx_misc.o" "../StdPeriph_Driver/src/stm32f0xx_misc.c"
 
Building file: ../StdPeriph_Driver/src/stm32f0xx_pwr.c
Building file: ../StdPeriph_Driver/src/stm32f0xx_rcc.c
Invoking: MCU GCC Compiler
Invoking: MCU GCC Compiler
C:\Users\Dorien Penebacker\workspace\lab0\Debug
arm-none-eabi-gcc -mcpu=cortex-m0 -mthumb -mfloat-abi=soft -DSTM32 -DSTM32F0 -DSTM32F091RCTx -DDEBUG -DSTM32F091 -DUSE_STDPERIPH_DRIVER -I"C:/Users/Dorien Penebacker/workspace/lab0/StdPeriph_Driver/inc" -I"C:/Users/Dorien Penebacker/workspace/lab0/inc" -I"C:/Users/Dorien Penebacker/workspace/lab0/CMSIS/device" -I"C:/Users/Dorien Penebacker/workspace/lab0/CMSIS/core" -O0 -g3 -Wall -fmessage-length=0 -ffunction-sections -c -MMD -MP -MF"StdPeriph_Driver/src/stm32f0xx_pwr.d" -MT"StdPeriph_Driver/src/stm32f0xx_pwr.o" -o "StdPeriph_Driver/src/stm32f0xx_pwr.o" "../StdPeriph_Driver/src/stm32f0xx_pwr.c"
C:\Users\Dorien Penebacker\workspace\lab0\Debug
arm-none-eabi-gcc -mcpu=cortex-m0 -mthumb -mfloat-abi=soft -DSTM32 -DSTM32F0 -DSTM32F091RCTx -DDEBUG -DSTM32F091 -DUSE_STDPERIPH_DRIVER -I"C:/Users/Dorien Penebacker/workspace/lab0/StdPeriph_Driver/inc" -I"C:/Users/Dorien Penebacker/workspace/lab0/inc" -I"C:/Users/Dorien Penebacker/workspace/lab0/CMSIS/device" -I"C:/Users/Dorien Penebacker/workspace/lab0/CMSIS/core" -O0 -g3 -Wall -fmessage-length=0 -ffunction-sections -c -MMD -MP -MF"StdPeriph_Driver/src/stm32f0xx_rcc.d" -MT"StdPeriph_Driver/src/stm32f0xx_rcc.o" -o "StdPeriph_Driver/src/stm32f0xx_rcc.o" "../StdPeriph_Driver/src/stm32f0xx_rcc.c"
Finished building: ../StdPeriph_Driver/src/stm32f0xx_exti.c
Finished building: ../StdPeriph_Driver/src/stm32f0xx_gpio.c
 
Finished building: ../StdPeriph_Driver/src/stm32f0xx_flash.c
 
Building file: ../StdPeriph_Driver/src/stm32f0xx_rtc.c
 
Building file: ../StdPeriph_Driver/src/stm32f0xx_spi.c
Invoking: MCU GCC Compiler
Building file: ../StdPeriph_Driver/src/stm32f0xx_syscfg.c
Invoking: MCU GCC Compiler
C:\Users\Dorien Penebacker\workspace\lab0\Debug
Invoking: MCU GCC Compiler
Finished building: ../StdPeriph_Driver/src/stm32f0xx_iwdg.c
Finished building: ../StdPeriph_Driver/src/stm32f0xx_i2c.c
arm-none-eabi-gcc -mcpu=cortex-m0 -mthumb -mfloat-abi=soft -DSTM32 -DSTM32F0 -DSTM32F091RCTx -DDEBUG -DSTM32F091 -DUSE_STDPERIPH_DRIVER -I"C:/Users/Dorien Penebacker/workspace/lab0/StdPeriph_Driver/inc" -I"C:/Users/Dorien Penebacker/workspace/lab0/inc" -I"C:/Users/Dorien Penebacker/workspace/lab0/CMSIS/device" -I"C:/Users/Dorien Penebacker/workspace/lab0/CMSIS/core" -O0 -g3 -Wall -fmessage-length=0 -ffunction-sections -c -MMD -MP -MF"StdPeriph_Driver/src/stm32f0xx_rtc.d" -MT"StdPeriph_Driver/src/stm32f0xx_rtc.o" -o "StdPeriph_Driver/src/stm32f0xx_rtc.o" "../StdPeriph_Driver/src/stm32f0xx_rtc.c"
Finished building: ../StdPeriph_Driver/src/stm32f0xx_misc.c
C:\Users\Dorien Penebacker\workspace\lab0\Debug
C:\Users\Dorien Penebacker\workspace\lab0\Debug
 
arm-none-eabi-gcc -mcpu=cortex-m0 -mthumb -mfloat-abi=soft -DSTM32 -DSTM32F0 -DSTM32F091RCTx -DDEBUG -DSTM32F091 -DUSE_STDPERIPH_DRIVER -I"C:/Users/Dorien Penebacker/workspace/lab0/StdPeriph_Driver/inc" -I"C:/Users/Dorien Penebacker/workspace/lab0/inc" -I"C:/Users/Dorien Penebacker/workspace/lab0/CMSIS/device" -I"C:/Users/Dorien Penebacker/workspace/lab0/CMSIS/core" -O0 -g3 -Wall -fmessage-length=0 -ffunction-sections -c -MMD -MP -MF"StdPeriph_Driver/src/stm32f0xx_spi.d" -MT"StdPeriph_Driver/src/stm32f0xx_spi.o" -o "StdPeriph_Driver/src/stm32f0xx_spi.o" "../StdPeriph_Driver/src/stm32f0xx_spi.c"
 
arm-none-eabi-gcc -mcpu=cortex-m0 -mthumb -mfloat-abi=soft -DSTM32 -DSTM32F0 -DSTM32F091RCTx -DDEBUG -DSTM32F091 -DUSE_STDPERIPH_DRIVER -I"C:/Users/Dorien Penebacker/workspace/lab0/StdPeriph_Driver/inc" -I"C:/Users/Dorien Penebacker/workspace/lab0/inc" -I"C:/Users/Dorien Penebacker/workspace/lab0/CMSIS/device" -I"C:/Users/Dorien Penebacker/workspace/lab0/CMSIS/core" -O0 -g3 -Wall -fmessage-length=0 -ffunction-sections -c -MMD -MP -MF"StdPeriph_Driver/src/stm32f0xx_syscfg.d" -MT"StdPeriph_Driver/src/stm32f0xx_syscfg.o" -o "StdPeriph_Driver/src/stm32f0xx_syscfg.o" "../StdPeriph_Driver/src/stm32f0xx_syscfg.c"
 
Building file: ../StdPeriph_Driver/src/stm32f0xx_tim.c
Finished building: ../StdPeriph_Driver/src/stm32f0xx_pwr.c
Building file: ../StdPeriph_Driver/src/stm32f0xx_usart.c
Invoking: MCU GCC Compiler
 
Invoking: MCU GCC Compiler
C:\Users\Dorien Penebacker\workspace\lab0\Debug
Building file: ../StdPeriph_Driver/src/stm32f0xx_wwdg.c
arm-none-eabi-gcc -mcpu=cortex-m0 -mthumb -mfloat-abi=soft -DSTM32 -DSTM32F0 -DSTM32F091RCTx -DDEBUG -DSTM32F091 -DUSE_STDPERIPH_DRIVER -I"C:/Users/Dorien Penebacker/workspace/lab0/StdPeriph_Driver/inc" -I"C:/Users/Dorien Penebacker/workspace/lab0/inc" -I"C:/Users/Dorien Penebacker/workspace/lab0/CMSIS/device" -I"C:/Users/Dorien Penebacker/workspace/lab0/CMSIS/core" -O0 -g3 -Wall -fmessage-length=0 -ffunction-sections -c -MMD -MP -MF"StdPeriph_Driver/src/stm32f0xx_tim.d" -MT"StdPeriph_Driver/src/stm32f0xx_tim.o" -o "StdPeriph_Driver/src/stm32f0xx_tim.o" "../StdPeriph_Driver/src/stm32f0xx_tim.c"
C:\Users\Dorien Penebacker\workspace\lab0\Debug
Finished building: ../StdPeriph_Driver/src/stm32f0xx_rcc.c
arm-none-eabi-gcc -mcpu=cortex-m0 -mthumb -mfloat-abi=soft -DSTM32 -DSTM32F0 -DSTM32F091RCTx -DDEBUG -DSTM32F091 -DUSE_STDPERIPH_DRIVER -I"C:/Users/Dorien Penebacker/workspace/lab0/StdPeriph_Driver/inc" -I"C:/Users/Dorien Penebacker/workspace/lab0/inc" -I"C:/Users/Dorien Penebacker/workspace/lab0/CMSIS/device" -I"C:/Users/Dorien Penebacker/workspace/lab0/CMSIS/core" -O0 -g3 -Wall -fmessage-length=0 -ffunction-sections -c -MMD -MP -MF"StdPeriph_Driver/src/stm32f0xx_usart.d" -MT"StdPeriph_Driver/src/stm32f0xx_usart.o" -o "StdPeriph_Driver/src/stm32f0xx_usart.o" "../StdPeriph_Driver/src/stm32f0xx_usart.c"
Invoking: MCU GCC Compiler
 
C:\Users\Dorien Penebacker\workspace\lab0\Debug
arm-none-eabi-gcc -mcpu=cortex-m0 -mthumb -mfloat-abi=soft -DSTM32 -DSTM32F0 -DSTM32F091RCTx -DDEBUG -DSTM32F091 -DUSE_STDPERIPH_DRIVER -I"C:/Users/Dorien Penebacker/workspace/lab0/StdPeriph_Driver/inc" -I"C:/Users/Dorien Penebacker/workspace/lab0/inc" -I"C:/Users/Dorien Penebacker/workspace/lab0/CMSIS/device" -I"C:/Users/Dorien Penebacker/workspace/lab0/CMSIS/core" -O0 -g3 -Wall -fmessage-length=0 -ffunction-sections -c -MMD -MP -MF"StdPeriph_Driver/src/stm32f0xx_wwdg.d" -MT"StdPeriph_Driver/src/stm32f0xx_wwdg.o" -o "StdPeriph_Driver/src/stm32f0xx_wwdg.o" "../StdPeriph_Driver/src/stm32f0xx_wwdg.c"
Finished building: ../StdPeriph_Driver/src/stm32f0xx_syscfg.c
Finished building: ../StdPeriph_Driver/src/stm32f0xx_rtc.c
 
Finished building: ../StdPeriph_Driver/src/stm32f0xx_spi.c
 
 
Finished building: ../StdPeriph_Driver/src/stm32f0xx_wwdg.c
Finished building: ../StdPeriph_Driver/src/stm32f0xx_usart.c
 
 
Finished building: ../StdPeriph_Driver/src/stm32f0xx_tim.c
 
Building target: lab0.elf
Invoking: MCU GCC Linker
arm-none-eabi-gcc -mcpu=cortex-m0 -mthumb -mfloat-abi=soft -T"C:/Users/Dorien Penebacker/workspace/lab0/LinkerScript.ld" -Wl,-Map=output.map -Wl,--gc-sections -o "lab0.elf" @"objects.list" C:/Users/Dorien\ Penebacker/workspace/lab0/src/autotest.o  -lm
Finished building target: lab0.elf
 
make --no-print-directory post-build
Generating binary and Printing size information:
arm-none-eabi-objcopy -O binary "lab0.elf" "lab0.bin"
arm-none-eabi-size "lab0.elf"
   text	   data	    bss	    dec	    hex	filename
  17528	   2128	   1156	  20812	   514c	lab0.elf
 
17:36:51 **** Incremental Build of configuration Debug for project lab0 ****
make -j8 all 
make: Nothing to be done for 'all'.
19:47:46 **** Build of configuration Debug for project lab0 ****
make -j8 all 
make: Nothing to be done for 'all'.
