15:37:13 **** Incremental Build of configuration Debug for project hw4 ****
make -j16 all 
Building file: ../src/hw4.s
Invoking: MCU GCC Assembler
/home/shay/a/dpenebac/workspace/hw4/Debug
arm-none-eabi-as -mcpu=cortex-m0 -mthumb -mfloat-abi=soft -I"/home/shay/a/dpenebac/workspace/hw4/StdPeriph_Driver/inc" -I"/home/shay/a/dpenebac/workspace/hw4/inc" -I"/home/shay/a/dpenebac/workspace/hw4/CMSIS/device" -I"/home/shay/a/dpenebac/workspace/hw4/CMSIS/core" -g -o "src/hw4.o" "../src/hw4.s"
Finished building: ../src/hw4.s
 
Building target: hw4.elf
Invoking: MCU GCC Linker
arm-none-eabi-gcc -mcpu=cortex-m0 -mthumb -mfloat-abi=soft -T"/home/shay/a/dpenebac/workspace/hw4/LinkerScript.ld" -Wl,-Map=output.map -Wl,--gc-sections -o "hw4.elf" @"objects.list"   -lm
Finished building target: hw4.elf
 
make --no-print-directory post-build
Generating binary and Printing size information:
arm-none-eabi-objcopy -O binary "hw4.elf" "hw4.bin"
arm-none-eabi-size "hw4.elf"
   text	   data	    bss	    dec	    hex	filename
  32756	   2500	   1152	  36408	   8e38	hw4.elf
 

15:37:13 Build Finished (took 262ms)

