15:26:41 **** Incremental Build of configuration Debug for project lab0 ****
make -j16 all 
Building target: lab0.elf
Invoking: MCU GCC Linker
arm-none-eabi-gcc -mcpu=cortex-m0 -mthumb -mfloat-abi=soft -T"/home/shay/a/dpenebac/workspace/lab0/LinkerScript.ld" -Wl,-Map=output.map -Wl,--gc-sections -o "lab0.elf" @"objects.list" /home/shay/a/dpenebac/workspace/lab0/src/autotest.o  -lm
Finished building target: lab0.elf
 
make --no-print-directory post-build
Generating binary and Printing size information:
arm-none-eabi-objcopy -O binary "lab0.elf" "lab0.bin"
arm-none-eabi-size "lab0.elf"
   text	   data	    bss	    dec	    hex	filename
  17528	   2128	   1156	  20812	   514c	lab0.elf
 

15:26:41 Build Finished (took 361ms)

