18:29:32 **** Incremental Build of configuration Debug for project lab3 ****
make -j16 all 
Building file: ../src/main.s
Invoking: MCU GCC Assembler
/home/shay/a/dpenebac/workspace/lab3/Debug
arm-none-eabi-as -mcpu=cortex-m0 -mthumb -mfloat-abi=soft -I"/home/shay/a/dpenebac/workspace/lab3/StdPeriph_Driver/inc" -I"/home/shay/a/dpenebac/workspace/lab3/inc" -I"/home/shay/a/dpenebac/workspace/lab3/CMSIS/device" -I"/home/shay/a/dpenebac/workspace/lab3/CMSIS/core" -g -o "src/main.o" "../src/main.s"
Finished building: ../src/main.s
 
Building target: lab3.elf
Invoking: MCU GCC Linker
arm-none-eabi-gcc -mcpu=cortex-m0 -mthumb -mfloat-abi=soft -T"/home/shay/a/dpenebac/workspace/lab3/LinkerScript.ld" -Wl,-Map=output.map -Wl,--gc-sections -o "lab3.elf" @"objects.list" /home/shay/a/dpenebac/workspace/lab3/src/autotest.o  -lm
Finished building target: lab3.elf
 
make --no-print-directory post-build
Generating binary and Printing size information:
arm-none-eabi-objcopy -O binary "lab3.elf" "lab3.bin"
arm-none-eabi-size "lab3.elf"
   text	   data	    bss	    dec	    hex	filename
  40696	   2492	   1168	  44356	   ad44	lab3.elf
 

18:29:32 Build Finished (took 313ms)

