14:46:41 **** Incremental Build of configuration Debug for project lab7 ****
make -j16 all 
Building file: ../src/main.c
Invoking: MCU GCC Compiler
/home/shay/a/dpenebac/workspace/lab7/Debug
arm-none-eabi-gcc -mcpu=cortex-m0 -mthumb -mfloat-abi=soft -DSTM32 -DSTM32F0 -DSTM32F091RCTx -DDEBUG -DSTM32F091 -DUSE_STDPERIPH_DRIVER -I"/home/shay/a/dpenebac/workspace/lab7/StdPeriph_Driver/inc" -I"/home/shay/a/dpenebac/workspace/lab7/inc" -I"/home/shay/a/dpenebac/workspace/lab7/CMSIS/device" -I"/home/shay/a/dpenebac/workspace/lab7/CMSIS/core" -O0 -g3 -Wall -fmessage-length=0 -ffunction-sections -c -MMD -MP -MF"src/main.d" -MT"src/main.o" -o "src/main.o" "../src/main.c"
Finished building: ../src/main.c
 
Building target: lab7.elf
Invoking: MCU GCC Linker
arm-none-eabi-gcc -mcpu=cortex-m0 -mthumb -mfloat-abi=soft -T"/home/shay/a/dpenebac/workspace/lab7/LinkerScript.ld" -Wl,-Map=output.map -Wl,--gc-sections -o "lab7.elf" @"objects.list"   -lm
Finished building target: lab7.elf
 
make --no-print-directory post-build
Generating binary and Printing size information:
arm-none-eabi-objcopy -O binary "lab7.elf" "lab7.bin"
arm-none-eabi-size "lab7.elf"
   text	   data	    bss	    dec	    hex	filename
  21524	   1104	   3276	  25904	   6530	lab7.elf
 

14:46:41 Build Finished (took 360ms)

