14:57:43 **** Incremental Build of configuration Debug for project lab8 ****
make -j16 all 
Building file: ../src/main.c
Invoking: MCU GCC Compiler
/home/shay/a/dpenebac/workspace/lab8/Debug
arm-none-eabi-gcc -mcpu=cortex-m0 -mthumb -mfloat-abi=soft -DSTM32 -DSTM32F0 -DSTM32F091RCTx -DDEBUG -DSTM32F091 -DUSE_STDPERIPH_DRIVER -I"/home/shay/a/dpenebac/workspace/lab8/StdPeriph_Driver/inc" -I"/home/shay/a/dpenebac/workspace/lab8/inc" -I"/home/shay/a/dpenebac/workspace/lab8/CMSIS/device" -I"/home/shay/a/dpenebac/workspace/lab8/CMSIS/core" -O0 -g3 -Wall -fmessage-length=0 -ffunction-sections -c -MMD -MP -MF"src/main.d" -MT"src/main.o" -o "src/main.o" "../src/main.c"
../src/main.c: In function 'main':
../src/main.c:499:5: warning: implicit declaration of function 'game' [-Wimplicit-function-declaration]
     game();
     ^~~~
Finished building: ../src/main.c
 
Building target: lab8.elf
Invoking: MCU GCC Linker
arm-none-eabi-gcc -mcpu=cortex-m0 -mthumb -mfloat-abi=soft -T"/home/shay/a/dpenebac/workspace/lab8/LinkerScript.ld" -Wl,-Map=output.map -Wl,--gc-sections -o "lab8.elf" @"objects.list" /home/shay/a/dpenebac/workspace/lab8/src/autotest.o  -lm
Finished building target: lab8.elf
 
make --no-print-directory post-build
Generating binary and Printing size information:
arm-none-eabi-objcopy -O binary "lab8.elf" "lab8.bin"
arm-none-eabi-size "lab8.elf"
   text	   data	    bss	    dec	    hex	filename
  48480	   2612	   1280	  52372	   cc94	lab8.elf
 

14:57:44 Build Finished (took 461ms)

